000 (808577.028.000) 2026-06-17 18:26:54 Job submitted from host: <134.158.133.27:9618?addrs=134.158.133.27-9618&alias=llrt3condor.in2p3.fr&noUDP&sock=schedd_775_29fc>
...
040 (808577.028.000) 2026-06-17 18:26:57 Started transferring input files
	Transferring to host: <134.158.133.24:9618?addrs=134.158.133.24-9618&alias=llrgrwn087.in2p3.fr&noUDP&sock=slot1_1_199204_fd1e_2957>
...
040 (808577.028.000) 2026-06-17 18:26:58 Finished transferring input files
...
001 (808577.028.000) 2026-06-17 18:26:59 Job executing on host: <134.158.133.24:9618?addrs=134.158.133.24-9618&alias=llrgrwn087.in2p3.fr&noUDP&sock=startd_1568_1897>
	SlotName: slot1_1@llrgrwn087.in2p3.fr
	CondorScratchDir = "/var/lib/condor/execute/dir_863010"
	Cpus = 1
	Disk = 2048
	GPUs = 0
	Memory = 8192
...
006 (808577.028.000) 2026-06-17 18:27:07 Image size of job updated: 35232
	35  -  MemoryUsage of job (MB)
	35232  -  ResidentSetSize of job (KB)
...
006 (808577.028.000) 2026-06-17 18:28:36 Image size of job updated: 241848
	35  -  MemoryUsage of job (MB)
	35232  -  ResidentSetSize of job (KB)
...
040 (808577.028.000) 2026-06-17 18:28:36 Started transferring output files
...
040 (808577.028.000) 2026-06-17 18:28:36 Finished transferring output files
...
005 (808577.028.000) 2026-06-17 18:28:36 Job terminated.
	(1) Normal termination (return value 1)
		Usr 0 00:00:09, Sys 0 00:00:01  -  Run Remote Usage
		Usr 0 00:00:00, Sys 0 00:00:00  -  Run Local Usage
		Usr 0 00:00:09, Sys 0 00:00:01  -  Total Remote Usage
		Usr 0 00:00:00, Sys 0 00:00:00  -  Total Local Usage
	3372  -  Run Bytes Sent By Job
	164197  -  Run Bytes Received By Job
	3372  -  Total Bytes Sent By Job
	164197  -  Total Bytes Received By Job
	Partitionable Resources :    Usage  Request Allocated 
	   Cpus                 :        0        1         1 
	   Disk (KB)            :      180      175      2048 
	   GPUs                 :                           0 
	   Memory (MB)          :       35     8192      8192 
	   TimeExecute (s)      :       97                    
	   TimeSlotBusy (s)     :       99                    

	Job terminated of its own accord at 2026-06-17T16:28:36Z with exit-code 1.
...
000 (808578.028.000) 2026-06-17 18:36:58 Job submitted from host: <134.158.133.27:9618?addrs=134.158.133.27-9618&alias=llrt3condor.in2p3.fr&noUDP&sock=schedd_775_29fc>
...
040 (808578.028.000) 2026-06-17 18:37:19 Started transferring input files
	Transferring to host: <134.158.133.24:9618?addrs=134.158.133.24-9618&alias=llrgrwn087.in2p3.fr&noUDP&sock=slot1_1_199204_fd1e_2958>
...
040 (808578.028.000) 2026-06-17 18:37:19 Finished transferring input files
...
001 (808578.028.000) 2026-06-17 18:37:20 Job executing on host: <134.158.133.24:9618?addrs=134.158.133.24-9618&alias=llrgrwn087.in2p3.fr&noUDP&sock=startd_1568_1897>
	SlotName: slot1_1@llrgrwn087.in2p3.fr
	CondorScratchDir = "/var/lib/condor/execute/dir_864336"
	Cpus = 1
	Disk = 2048
	GPUs = 0
	Memory = 8192
...
006 (808578.028.000) 2026-06-17 18:37:28 Image size of job updated: 35172
	35  -  MemoryUsage of job (MB)
	35172  -  ResidentSetSize of job (KB)
...
006 (808578.028.000) 2026-06-17 18:40:56 Image size of job updated: 608920
	35  -  MemoryUsage of job (MB)
	35172  -  ResidentSetSize of job (KB)
...
040 (808578.028.000) 2026-06-17 18:40:56 Started transferring output files
...
040 (808578.028.000) 2026-06-17 18:40:56 Finished transferring output files
...
005 (808578.028.000) 2026-06-17 18:40:57 Job terminated.
	(1) Normal termination (return value 1)
		Usr 0 00:00:18, Sys 0 00:00:02  -  Run Remote Usage
		Usr 0 00:00:00, Sys 0 00:00:00  -  Run Local Usage
		Usr 0 00:00:18, Sys 0 00:00:02  -  Total Remote Usage
		Usr 0 00:00:00, Sys 0 00:00:00  -  Total Local Usage
	37847  -  Run Bytes Sent By Job
	164816  -  Run Bytes Received By Job
	37847  -  Total Bytes Sent By Job
	164816  -  Total Bytes Received By Job
	Partitionable Resources :    Usage  Request Allocated 
	   Cpus                 :        0        1         1 
	   Disk (KB)            :      215      175      2048 
	   GPUs                 :                           0 
	   Memory (MB)          :       35     8192      8192 
	   TimeExecute (s)      :      216                    
	   TimeSlotBusy (s)     :      217                    

	Job terminated of its own accord at 2026-06-17T16:40:56Z with exit-code 1.
...
000 (808579.028.000) 2026-06-17 18:43:37 Job submitted from host: <134.158.133.27:9618?addrs=134.158.133.27-9618&alias=llrt3condor.in2p3.fr&noUDP&sock=schedd_775_29fc>
...
040 (808579.028.000) 2026-06-17 18:43:45 Started transferring input files
	Transferring to host: <134.158.133.24:9618?addrs=134.158.133.24-9618&alias=llrgrwn087.in2p3.fr&noUDP&sock=slot1_1_199204_fd1e_2959>
...
040 (808579.028.000) 2026-06-17 18:43:45 Finished transferring input files
...
001 (808579.028.000) 2026-06-17 18:43:46 Job executing on host: <134.158.133.24:9618?addrs=134.158.133.24-9618&alias=llrgrwn087.in2p3.fr&noUDP&sock=startd_1568_1897>
	SlotName: slot1_1@llrgrwn087.in2p3.fr
	CondorScratchDir = "/var/lib/condor/execute/dir_865476"
	Cpus = 1
	Disk = 2048
	GPUs = 0
	Memory = 8192
...
006 (808579.028.000) 2026-06-17 18:43:55 Image size of job updated: 46780
	46  -  MemoryUsage of job (MB)
	46780  -  ResidentSetSize of job (KB)
...
006 (808579.028.000) 2026-06-17 18:47:38 Image size of job updated: 1119472
	46  -  MemoryUsage of job (MB)
	46816  -  ResidentSetSize of job (KB)
...
040 (808579.028.000) 2026-06-17 18:47:38 Started transferring output files
...
040 (808579.028.000) 2026-06-17 18:47:38 Finished transferring output files
...
005 (808579.028.000) 2026-06-17 18:47:38 Job terminated.
	(1) Normal termination (return value 0)
		Usr 0 00:00:19, Sys 0 00:00:02  -  Run Remote Usage
		Usr 0 00:00:00, Sys 0 00:00:00  -  Run Local Usage
		Usr 0 00:00:19, Sys 0 00:00:02  -  Total Remote Usage
		Usr 0 00:00:00, Sys 0 00:00:00  -  Total Local Usage
	38637  -  Run Bytes Sent By Job
	165531  -  Run Bytes Received By Job
	38637  -  Total Bytes Sent By Job
	165531  -  Total Bytes Received By Job
	Partitionable Resources :    Usage  Request Allocated 
	   Cpus                 :     0.01        1         1 
	   Disk (KB)            :   216         175      2048 
	   GPUs                 :                           0 
	   Memory (MB)          :    46        8192      8192 
	   TimeExecute (s)      :   232                       
	   TimeSlotBusy (s)     :   233                       

	Job terminated of its own accord at 2026-06-17T16:47:38Z with exit-code 0.
...
000 (808582.028.000) 2026-06-18 10:44:56 Job submitted from host: <134.158.133.27:9618?addrs=134.158.133.27-9618&alias=llrt3condor.in2p3.fr&noUDP&sock=schedd_775_29fc>
...
040 (808582.028.000) 2026-06-18 10:45:09 Started transferring input files
	Transferring to host: <134.158.133.26:9618?addrs=134.158.133.26-9618&alias=llrgrwn089.in2p3.fr&noUDP&sock=slot1_1_1673_879d_2924>
...
040 (808582.028.000) 2026-06-18 10:45:09 Finished transferring input files
...
001 (808582.028.000) 2026-06-18 10:45:10 Job executing on host: <134.158.133.26:9618?addrs=134.158.133.26-9618&alias=llrgrwn089.in2p3.fr&noUDP&sock=startd_1566_b966>
	SlotName: slot1_1@llrgrwn089.in2p3.fr
	CondorScratchDir = "/var/lib/condor/execute/dir_1033271"
	Cpus = 1
	Disk = 2048
	GPUs = 0
	Memory = 8192
...
006 (808582.028.000) 2026-06-18 10:45:18 Image size of job updated: 35176
	35  -  MemoryUsage of job (MB)
	35176  -  ResidentSetSize of job (KB)
...
006 (808582.028.000) 2026-06-18 10:50:18 Image size of job updated: 2482552
	2425  -  MemoryUsage of job (MB)
	2482552  -  ResidentSetSize of job (KB)
...
006 (808582.028.000) 2026-06-18 10:55:19 Image size of job updated: 4659312
	4551  -  MemoryUsage of job (MB)
	4659312  -  ResidentSetSize of job (KB)
...
006 (808582.028.000) 2026-06-18 11:00:20 Image size of job updated: 6624152
	6461  -  MemoryUsage of job (MB)
	6615452  -  ResidentSetSize of job (KB)
...
006 (808582.028.000) 2026-06-18 11:01:12 Image size of job updated: 10372728
	6461  -  MemoryUsage of job (MB)
	6615452  -  ResidentSetSize of job (KB)
...
040 (808582.028.000) 2026-06-18 11:01:12 Started transferring output files
...
040 (808582.028.000) 2026-06-18 11:01:12 Finished transferring output files
...
005 (808582.028.000) 2026-06-18 11:01:12 Job terminated.
	(1) Normal termination (return value 0)
		Usr 0 00:03:06, Sys 0 00:00:16  -  Run Remote Usage
		Usr 0 00:00:00, Sys 0 00:00:00  -  Run Local Usage
		Usr 0 00:03:06, Sys 0 00:00:16  -  Total Remote Usage
		Usr 0 00:00:00, Sys 0 00:00:00  -  Total Local Usage
	24307  -  Run Bytes Sent By Job
	165532  -  Run Bytes Received By Job
	24307  -  Total Bytes Sent By Job
	165532  -  Total Bytes Received By Job
	Partitionable Resources :    Usage  Request Allocated 
	   Cpus                 :     0.00        1         1 
	   Disk (KB)            :   202         175      2048 
	   GPUs                 :                           0 
	   Memory (MB)          :  6461        8192      8192 
	   TimeExecute (s)      :   962                       
	   TimeSlotBusy (s)     :   964                       

	Job terminated of its own accord at 2026-06-18T09:01:12Z with exit-code 0.
...
