000 (808577.021.000) 2026-06-17 18:26:54 Job submitted from host: <134.158.133.27:9618?addrs=134.158.133.27-9618&alias=llrt3condor.in2p3.fr&noUDP&sock=schedd_775_29fc>
...
040 (808577.021.000) 2026-06-17 18:26:56 Started transferring input files
	Transferring to host: <134.158.132.102:9618?addrs=134.158.132.102-9618&alias=llrgrwn077.in2p3.fr&noUDP&sock=slot1_1_1485_1115_2931>
...
040 (808577.021.000) 2026-06-17 18:26:57 Finished transferring input files
...
001 (808577.021.000) 2026-06-17 18:26:58 Job executing on host: <134.158.132.102:9618?addrs=134.158.132.102-9618&alias=llrgrwn077.in2p3.fr&noUDP&sock=startd_1433_7f4e>
	SlotName: slot1_1@llrgrwn077.in2p3.fr
	CondorScratchDir = "/var/lib/condor/execute/dir_896760"
	Cpus = 1
	Disk = 2048
	GPUs = 0
	Memory = 8192
...
006 (808577.021.000) 2026-06-17 18:27:06 Image size of job updated: 35220
	35  -  MemoryUsage of job (MB)
	35220  -  ResidentSetSize of job (KB)
...
006 (808577.021.000) 2026-06-17 18:27:46 Image size of job updated: 83272
	35  -  MemoryUsage of job (MB)
	35220  -  ResidentSetSize of job (KB)
...
040 (808577.021.000) 2026-06-17 18:27:46 Started transferring output files
...
040 (808577.021.000) 2026-06-17 18:27:47 Finished transferring output files
...
005 (808577.021.000) 2026-06-17 18:27:47 Job terminated.
	(1) Normal termination (return value 1)
		Usr 0 00:00:04, Sys 0 00:00:00  -  Run Remote Usage
		Usr 0 00:00:00, Sys 0 00:00:00  -  Run Local Usage
		Usr 0 00:00:04, Sys 0 00:00:00  -  Total Remote Usage
		Usr 0 00:00:00, Sys 0 00:00:00  -  Total Local Usage
	3270  -  Run Bytes Sent By Job
	164197  -  Run Bytes Received By Job
	3270  -  Total Bytes Sent By Job
	164197  -  Total Bytes Received By Job
	Partitionable Resources :    Usage  Request Allocated 
	   Cpus                 :        0        1         1 
	   Disk (KB)            :      180      175      2048 
	   GPUs                 :                           0 
	   Memory (MB)          :       35     8192      8192 
	   TimeExecute (s)      :       48                    
	   TimeSlotBusy (s)     :       50                    

	Job terminated of its own accord at 2026-06-17T16:27:46Z with exit-code 1.
...
000 (808578.021.000) 2026-06-17 18:36:58 Job submitted from host: <134.158.133.27:9618?addrs=134.158.133.27-9618&alias=llrt3condor.in2p3.fr&noUDP&sock=schedd_775_29fc>
...
040 (808578.021.000) 2026-06-17 18:37:18 Started transferring input files
	Transferring to host: <134.158.132.102:9618?addrs=134.158.132.102-9618&alias=llrgrwn077.in2p3.fr&noUDP&sock=slot1_1_1485_1115_2932>
...
040 (808578.021.000) 2026-06-17 18:37:18 Finished transferring input files
...
001 (808578.021.000) 2026-06-17 18:37:19 Job executing on host: <134.158.132.102:9618?addrs=134.158.132.102-9618&alias=llrgrwn077.in2p3.fr&noUDP&sock=startd_1433_7f4e>
	SlotName: slot1_1@llrgrwn077.in2p3.fr
	CondorScratchDir = "/var/lib/condor/execute/dir_898094"
	Cpus = 1
	Disk = 2048
	GPUs = 0
	Memory = 8192
...
006 (808578.021.000) 2026-06-17 18:37:27 Image size of job updated: 55752
	55  -  MemoryUsage of job (MB)
	55752  -  ResidentSetSize of job (KB)
...
006 (808578.021.000) 2026-06-17 18:42:27 Image size of job updated: 1164924
	1138  -  MemoryUsage of job (MB)
	1164924  -  ResidentSetSize of job (KB)
...
006 (808578.021.000) 2026-06-17 18:43:20 Image size of job updated: 1432556
	1399  -  MemoryUsage of job (MB)
	1432556  -  ResidentSetSize of job (KB)
...
004 (808578.021.000) 2026-06-17 18:43:21 Job was evicted.
	(0) CPU times
		Usr 0 00:00:24, Sys 0 00:00:01  -  Run Remote Usage
		Usr 0 00:00:00, Sys 0 00:00:00  -  Run Local Usage
	0  -  Run Bytes Sent By Job
	164550  -  Run Bytes Received By Job
	Partitionable Resources :    Usage  Request Allocated 
	   Cpus                 :     0.09        1         1 
	   Disk (KB)            :   178         175      2048 
	   GPUs                 :                           0 
	   Memory (MB)          :  1399        8192      8192 
	   TimeExecute (s)      :   359                       
	   TimeSlotBusy (s)     :   363                       
...
009 (808578.021.000) 2026-06-17 18:43:23 Job was aborted.
	via condor_rm (by user amella)
...
000 (808579.021.000) 2026-06-17 18:43:37 Job submitted from host: <134.158.133.27:9618?addrs=134.158.133.27-9618&alias=llrt3condor.in2p3.fr&noUDP&sock=schedd_775_29fc>
...
040 (808579.021.000) 2026-06-17 18:43:44 Started transferring input files
	Transferring to host: <134.158.132.102:9618?addrs=134.158.132.102-9618&alias=llrgrwn077.in2p3.fr&noUDP&sock=slot1_1_1485_1115_2933>
...
040 (808579.021.000) 2026-06-17 18:43:45 Finished transferring input files
...
001 (808579.021.000) 2026-06-17 18:43:45 Job executing on host: <134.158.132.102:9618?addrs=134.158.132.102-9618&alias=llrgrwn077.in2p3.fr&noUDP&sock=startd_1433_7f4e>
	SlotName: slot1_1@llrgrwn077.in2p3.fr
	CondorScratchDir = "/var/lib/condor/execute/dir_899019"
	Cpus = 1
	Disk = 2048
	GPUs = 0
	Memory = 8192
...
006 (808579.021.000) 2026-06-17 18:43:54 Image size of job updated: 55764
	55  -  MemoryUsage of job (MB)
	55764  -  ResidentSetSize of job (KB)
...
006 (808579.021.000) 2026-06-17 18:48:55 Image size of job updated: 638060
	624  -  MemoryUsage of job (MB)
	638060  -  ResidentSetSize of job (KB)
...
006 (808579.021.000) 2026-06-17 18:53:55 Image size of job updated: 638064
	624  -  MemoryUsage of job (MB)
	638064  -  ResidentSetSize of job (KB)
...
006 (808579.021.000) 2026-06-17 18:58:55 Image size of job updated: 639924
	625  -  MemoryUsage of job (MB)
	639924  -  ResidentSetSize of job (KB)
...
006 (808579.021.000) 2026-06-17 19:03:56 Image size of job updated: 643524
	629  -  MemoryUsage of job (MB)
	643524  -  ResidentSetSize of job (KB)
...
006 (808579.021.000) 2026-06-17 19:08:56 Image size of job updated: 643544
	629  -  MemoryUsage of job (MB)
	643544  -  ResidentSetSize of job (KB)
...
040 (808579.021.000) 2026-06-17 19:10:50 Started transferring output files
...
040 (808579.021.000) 2026-06-17 19:10:50 Finished transferring output files
...
005 (808579.021.000) 2026-06-17 19:10:50 Job terminated.
	(1) Normal termination (return value 0)
		Usr 0 00:00:14, Sys 0 00:00:01  -  Run Remote Usage
		Usr 0 00:00:00, Sys 0 00:00:00  -  Run Local Usage
		Usr 0 00:00:14, Sys 0 00:00:01  -  Total Remote Usage
		Usr 0 00:00:00, Sys 0 00:00:00  -  Total Local Usage
	38938  -  Run Bytes Sent By Job
	165222  -  Run Bytes Received By Job
	38938  -  Total Bytes Sent By Job
	165222  -  Total Bytes Received By Job
	Partitionable Resources :    Usage  Request Allocated 
	   Cpus                 :        0        1         1 
	   Disk (KB)            :      216      175      2048 
	   GPUs                 :                           0 
	   Memory (MB)          :      629     8192      8192 
	   TimeExecute (s)      :     1625                    
	   TimeSlotBusy (s)     :     1626                    

	Job terminated of its own accord at 2026-06-17T17:10:50Z with exit-code 0.
...
000 (808582.021.000) 2026-06-18 10:44:56 Job submitted from host: <134.158.133.27:9618?addrs=134.158.133.27-9618&alias=llrt3condor.in2p3.fr&noUDP&sock=schedd_775_29fc>
...
040 (808582.021.000) 2026-06-18 10:45:07 Started transferring input files
	Transferring to host: <134.158.132.101:9618?addrs=134.158.132.101-9618&alias=llrgrwn076.in2p3.fr&noUDP&sock=slot1_1_1483_a855_2948>
...
040 (808582.021.000) 2026-06-18 10:45:08 Finished transferring input files
...
001 (808582.021.000) 2026-06-18 10:45:09 Job executing on host: <134.158.132.101:9618?addrs=134.158.132.101-9618&alias=llrgrwn076.in2p3.fr&noUDP&sock=startd_1424_52f3>
	SlotName: slot1_1@llrgrwn076.in2p3.fr
	CondorScratchDir = "/var/lib/condor/execute/dir_1093045"
	Cpus = 1
	Disk = 2048
	GPUs = 0
	Memory = 8192
...
006 (808582.021.000) 2026-06-18 10:45:17 Image size of job updated: 35208
	35  -  MemoryUsage of job (MB)
	35208  -  ResidentSetSize of job (KB)
...
006 (808582.021.000) 2026-06-18 10:50:17 Image size of job updated: 2632032
	2563  -  MemoryUsage of job (MB)
	2624352  -  ResidentSetSize of job (KB)
...
006 (808582.021.000) 2026-06-18 10:55:17 Image size of job updated: 5218312
	5097  -  MemoryUsage of job (MB)
	5218312  -  ResidentSetSize of job (KB)
...
006 (808582.021.000) 2026-06-18 11:00:18 Image size of job updated: 7539036
	7363  -  MemoryUsage of job (MB)
	7539036  -  ResidentSetSize of job (KB)
...
006 (808582.021.000) 2026-06-18 11:05:19 Image size of job updated: 7686896
	7507  -  MemoryUsage of job (MB)
	7686896  -  ResidentSetSize of job (KB)
...
006 (808582.021.000) 2026-06-18 11:10:19 Image size of job updated: 7686904
	7507  -  MemoryUsage of job (MB)
	7686904  -  ResidentSetSize of job (KB)
...
006 (808582.021.000) 2026-06-18 11:20:21 Image size of job updated: 8573656
	8373  -  MemoryUsage of job (MB)
	8573656  -  ResidentSetSize of job (KB)
...
006 (808582.021.000) 2026-06-18 11:25:15 Image size of job updated: 18344152
	8373  -  MemoryUsage of job (MB)
	8573656  -  ResidentSetSize of job (KB)
...
040 (808582.021.000) 2026-06-18 11:25:15 Started transferring output files
...
040 (808582.021.000) 2026-06-18 11:25:15 Finished transferring output files
...
005 (808582.021.000) 2026-06-18 11:25:15 Job terminated.
	(1) Normal termination (return value 0)
		Usr 0 00:02:32, Sys 0 00:00:14  -  Run Remote Usage
		Usr 0 00:00:00, Sys 0 00:00:00  -  Run Local Usage
		Usr 0 00:02:32, Sys 0 00:00:14  -  Total Remote Usage
		Usr 0 00:00:00, Sys 0 00:00:00  -  Total Local Usage
	20724  -  Run Bytes Sent By Job
	165532  -  Run Bytes Received By Job
	20724  -  Total Bytes Sent By Job
	165532  -  Total Bytes Received By Job
	Partitionable Resources :    Usage  Request Allocated 
	   Cpus                 :        0        1         1 
	   Disk (KB)            :      199      175      2048 
	   GPUs                 :                           0 
	   Memory (MB)          :     8373     8192      8192 
	   TimeExecute (s)      :     2407                    
	   TimeSlotBusy (s)     :     2408                    

	Job terminated of its own accord at 2026-06-18T09:25:15Z with exit-code 0.
...
