000 (808577.029.000) 2026-06-17 18:26:54 Job submitted from host: <134.158.133.27:9618?addrs=134.158.133.27-9618&alias=llrt3condor.in2p3.fr&noUDP&sock=schedd_775_29fc>
...
040 (808577.029.000) 2026-06-17 18:27:55 Started transferring input files
	Transferring to host: <134.158.132.86:9618?addrs=134.158.132.86-9618&alias=llrgrwn025.in2p3.fr&noUDP&sock=slot1_2_1188_cda9_19989>
...
040 (808577.029.000) 2026-06-17 18:27:55 Finished transferring input files
...
001 (808577.029.000) 2026-06-17 18:27:56 Job executing on host: <134.158.132.86:9618?addrs=134.158.132.86-9618&alias=llrgrwn025.in2p3.fr&noUDP&sock=startd_1146_a39f>
	SlotName: slot1_2@llrgrwn025.in2p3.fr
	CondorScratchDir = "/var/lib/condor/execute/dir_543970"
	Cpus = 1
	Disk = 2048
	GPUs = 0
	Memory = 8192
...
006 (808577.029.000) 2026-06-17 18:28:05 Image size of job updated: 35172
	35  -  MemoryUsage of job (MB)
	35172  -  ResidentSetSize of job (KB)
...
006 (808577.029.000) 2026-06-17 18:29:30 Image size of job updated: 257468
	35  -  MemoryUsage of job (MB)
	35172  -  ResidentSetSize of job (KB)
...
040 (808577.029.000) 2026-06-17 18:29:31 Started transferring output files
...
040 (808577.029.000) 2026-06-17 18:29:31 Finished transferring output files
...
005 (808577.029.000) 2026-06-17 18:29:31 Job terminated.
	(1) Normal termination (return value 1)
		Usr 0 00:00:12, Sys 0 00:00:00  -  Run Remote Usage
		Usr 0 00:00:00, Sys 0 00:00:00  -  Run Local Usage
		Usr 0 00:00:12, Sys 0 00:00:00  -  Total Remote Usage
		Usr 0 00:00:00, Sys 0 00:00:00  -  Total Local Usage
	3322  -  Run Bytes Sent By Job
	164197  -  Run Bytes Received By Job
	3322  -  Total Bytes Sent By Job
	164197  -  Total Bytes Received By Job
	Partitionable Resources :    Usage  Request Allocated 
	   Cpus                 :        0        1         1 
	   Disk (KB)            :      180      175      2048 
	   GPUs                 :                           0 
	   Memory (MB)          :       35     8192      8192 
	   TimeExecute (s)      :       94                    
	   TimeSlotBusy (s)     :       96                    

	Job terminated of its own accord at 2026-06-17T16:29:30Z with exit-code 1.
...
000 (808578.029.000) 2026-06-17 18:36:58 Job submitted from host: <134.158.133.27:9618?addrs=134.158.133.27-9618&alias=llrt3condor.in2p3.fr&noUDP&sock=schedd_775_29fc>
...
040 (808578.029.000) 2026-06-17 18:38:16 Started transferring input files
	Transferring to host: <134.158.132.86:9618?addrs=134.158.132.86-9618&alias=llrgrwn025.in2p3.fr&noUDP&sock=slot1_2_1188_cda9_20000>
...
040 (808578.029.000) 2026-06-17 18:38:16 Finished transferring input files
...
001 (808578.029.000) 2026-06-17 18:38:17 Job executing on host: <134.158.132.86:9618?addrs=134.158.132.86-9618&alias=llrgrwn025.in2p3.fr&noUDP&sock=startd_1146_a39f>
	SlotName: slot1_2@llrgrwn025.in2p3.fr
	CondorScratchDir = "/var/lib/condor/execute/dir_545799"
	Cpus = 1
	Disk = 2048
	GPUs = 0
	Memory = 8192
...
006 (808578.029.000) 2026-06-17 18:38:25 Image size of job updated: 35140
	35  -  MemoryUsage of job (MB)
	35140  -  ResidentSetSize of job (KB)
...
006 (808578.029.000) 2026-06-17 18:43:22 Image size of job updated: 1249696
	1202  -  MemoryUsage of job (MB)
	1230008  -  ResidentSetSize of job (KB)
...
004 (808578.029.000) 2026-06-17 18:43:23 Job was evicted.
	(0) CPU times
		Usr 0 00:00:32, Sys 0 00:00:02  -  Run Remote Usage
		Usr 0 00:00:00, Sys 0 00:00:00  -  Run Local Usage
	0  -  Run Bytes Sent By Job
	164816  -  Run Bytes Received By Job
	Partitionable Resources :    Usage  Request Allocated 
	   Cpus                 :     0.09        1         1 
	   Disk (KB)            :   179         175      2048 
	   GPUs                 :                           0 
	   Memory (MB)          :  1202        8192      8192 
	   TimeExecute (s)      :   304                       
	   TimeSlotBusy (s)     :   306                       
...
009 (808578.029.000) 2026-06-17 18:43:23 Job was aborted.
	via condor_rm (by user amella)
...
000 (808579.029.000) 2026-06-17 18:43:37 Job submitted from host: <134.158.133.27:9618?addrs=134.158.133.27-9618&alias=llrt3condor.in2p3.fr&noUDP&sock=schedd_775_29fc>
...
040 (808579.029.000) 2026-06-17 18:44:41 Started transferring input files
	Transferring to host: <134.158.132.86:9618?addrs=134.158.132.86-9618&alias=llrgrwn025.in2p3.fr&noUDP&sock=slot1_2_1188_cda9_20007>
...
040 (808579.029.000) 2026-06-17 18:44:41 Finished transferring input files
...
001 (808579.029.000) 2026-06-17 18:44:42 Job executing on host: <134.158.132.86:9618?addrs=134.158.132.86-9618&alias=llrgrwn025.in2p3.fr&noUDP&sock=startd_1146_a39f>
	SlotName: slot1_2@llrgrwn025.in2p3.fr
	CondorScratchDir = "/var/lib/condor/execute/dir_547102"
	Cpus = 1
	Disk = 2048
	GPUs = 0
	Memory = 8192
...
006 (808579.029.000) 2026-06-17 18:44:51 Image size of job updated: 35216
	35  -  MemoryUsage of job (MB)
	35216  -  ResidentSetSize of job (KB)
...
006 (808579.029.000) 2026-06-17 18:49:52 Image size of job updated: 263028
	257  -  MemoryUsage of job (MB)
	263028  -  ResidentSetSize of job (KB)
...
006 (808579.029.000) 2026-06-17 18:54:52 Image size of job updated: 263032
	257  -  MemoryUsage of job (MB)
	263032  -  ResidentSetSize of job (KB)
...
006 (808579.029.000) 2026-06-17 18:59:07 Image size of job updated: 263112
	257  -  MemoryUsage of job (MB)
	263032  -  ResidentSetSize of job (KB)
...
040 (808579.029.000) 2026-06-17 18:59:07 Started transferring output files
...
040 (808579.029.000) 2026-06-17 18:59:07 Finished transferring output files
...
005 (808579.029.000) 2026-06-17 18:59:07 Job terminated.
	(1) Normal termination (return value 0)
		Usr 0 00:00:13, Sys 0 00:00:01  -  Run Remote Usage
		Usr 0 00:00:00, Sys 0 00:00:00  -  Run Local Usage
		Usr 0 00:00:13, Sys 0 00:00:01  -  Total Remote Usage
		Usr 0 00:00:00, Sys 0 00:00:00  -  Total Local Usage
	39386  -  Run Bytes Sent By Job
	165531  -  Run Bytes Received By Job
	39386  -  Total Bytes Sent By Job
	165531  -  Total Bytes Received By Job
	Partitionable Resources :    Usage  Request Allocated 
	   Cpus                 :        0        1         1 
	   Disk (KB)            :      217      175      2048 
	   GPUs                 :                           0 
	   Memory (MB)          :      257     8192      8192 
	   TimeExecute (s)      :      865                    
	   TimeSlotBusy (s)     :      866                    

	Job terminated of its own accord at 2026-06-17T16:59:07Z with exit-code 0.
...
000 (808582.029.000) 2026-06-18 10:44:56 Job submitted from host: <134.158.133.27:9618?addrs=134.158.133.27-9618&alias=llrt3condor.in2p3.fr&noUDP&sock=schedd_775_29fc>
...
040 (808582.029.000) 2026-06-18 10:46:02 Started transferring input files
	Transferring to host: <134.158.132.87:9618?addrs=134.158.132.87-9618&alias=llrgrwn026.in2p3.fr&noUDP&sock=slot1_2_1218_f0eb_3735>
...
040 (808582.029.000) 2026-06-18 10:46:02 Finished transferring input files
...
001 (808582.029.000) 2026-06-18 10:46:03 Job executing on host: <134.158.132.87:9618?addrs=134.158.132.87-9618&alias=llrgrwn026.in2p3.fr&noUDP&sock=startd_1161_ed8b>
	SlotName: slot1_2@llrgrwn026.in2p3.fr
	CondorScratchDir = "/var/lib/condor/execute/dir_674557"
	Cpus = 1
	Disk = 2048
	GPUs = 0
	Memory = 8192
...
006 (808582.029.000) 2026-06-18 10:46:11 Image size of job updated: 35144
	35  -  MemoryUsage of job (MB)
	35144  -  ResidentSetSize of job (KB)
...
006 (808582.029.000) 2026-06-18 10:51:11 Image size of job updated: 2335864
	2282  -  MemoryUsage of job (MB)
	2335864  -  ResidentSetSize of job (KB)
...
006 (808582.029.000) 2026-06-18 10:56:12 Image size of job updated: 4854156
	4741  -  MemoryUsage of job (MB)
	4854156  -  ResidentSetSize of job (KB)
...
006 (808582.029.000) 2026-06-18 11:01:12 Image size of job updated: 13712132
	4741  -  MemoryUsage of job (MB)
	4854156  -  ResidentSetSize of job (KB)
...
040 (808582.029.000) 2026-06-18 11:01:12 Started transferring output files
...
040 (808582.029.000) 2026-06-18 11:01:12 Finished transferring output files
...
005 (808582.029.000) 2026-06-18 11:01:12 Job terminated.
	(1) Normal termination (return value 0)
		Usr 0 00:02:44, Sys 0 00:00:12  -  Run Remote Usage
		Usr 0 00:00:00, Sys 0 00:00:00  -  Run Local Usage
		Usr 0 00:02:44, Sys 0 00:00:12  -  Total Remote Usage
		Usr 0 00:00:00, Sys 0 00:00:00  -  Total Local Usage
	25024  -  Run Bytes Sent By Job
	165532  -  Run Bytes Received By Job
	25024  -  Total Bytes Sent By Job
	165532  -  Total Bytes Received By Job
	Partitionable Resources :    Usage  Request Allocated 
	   Cpus                 :     0.23        1         1 
	   Disk (KB)            :   203         175      2048 
	   GPUs                 :                           0 
	   Memory (MB)          :  4741        8192      8192 
	   TimeExecute (s)      :   909                       
	   TimeSlotBusy (s)     :   910                       

	Job terminated of its own accord at 2026-06-18T09:01:12Z with exit-code 0.
...
