000 (808577.027.000) 2026-06-17 18:26:54 Job submitted from host: <134.158.133.27:9618?addrs=134.158.133.27-9618&alias=llrt3condor.in2p3.fr&noUDP&sock=schedd_775_29fc>
...
040 (808577.027.000) 2026-06-17 18:26:57 Started transferring input files
	Transferring to host: <134.158.133.32:9618?addrs=134.158.133.32-9618&alias=llrgrwn090.in2p3.fr&noUDP&sock=slot1_1_1278085_40de_20>
...
040 (808577.027.000) 2026-06-17 18:26:57 Finished transferring input files
...
001 (808577.027.000) 2026-06-17 18:26:58 Job executing on host: <134.158.133.32:9618?addrs=134.158.133.32-9618&alias=llrgrwn090.in2p3.fr&noUDP&sock=startd_1584_121b>
	SlotName: slot1_1@llrgrwn090.in2p3.fr
	CondorScratchDir = "/var/lib/condor/execute/dir_1467465"
	Cpus = 1
	Disk = 2048
	GPUs = 0
	Memory = 8192
...
006 (808577.027.000) 2026-06-17 18:27:07 Image size of job updated: 35216
	35  -  MemoryUsage of job (MB)
	35216  -  ResidentSetSize of job (KB)
...
006 (808577.027.000) 2026-06-17 18:27:48 Image size of job updated: 83228
	35  -  MemoryUsage of job (MB)
	35216  -  ResidentSetSize of job (KB)
...
040 (808577.027.000) 2026-06-17 18:27:48 Started transferring output files
...
040 (808577.027.000) 2026-06-17 18:27:48 Finished transferring output files
...
005 (808577.027.000) 2026-06-17 18:27:48 Job terminated.
	(1) Normal termination (return value 1)
		Usr 0 00:00:05, Sys 0 00:00:01  -  Run Remote Usage
		Usr 0 00:00:00, Sys 0 00:00:00  -  Run Local Usage
		Usr 0 00:00:05, Sys 0 00:00:01  -  Total Remote Usage
		Usr 0 00:00:00, Sys 0 00:00:00  -  Total Local Usage
	3270  -  Run Bytes Sent By Job
	164197  -  Run Bytes Received By Job
	3270  -  Total Bytes Sent By Job
	164197  -  Total Bytes Received By Job
	Partitionable Resources :    Usage  Request Allocated 
	   Cpus                 :     0.11        1         1 
	   Disk (KB)            :   181         175      2048 
	   GPUs                 :                           0 
	   Memory (MB)          :    35        8192      8192 
	   TimeExecute (s)      :    50                       
	   TimeSlotBusy (s)     :    51                       

	Job terminated of its own accord at 2026-06-17T16:27:48Z with exit-code 1.
...
000 (808578.027.000) 2026-06-17 18:36:58 Job submitted from host: <134.158.133.27:9618?addrs=134.158.133.27-9618&alias=llrt3condor.in2p3.fr&noUDP&sock=schedd_775_29fc>
...
040 (808578.027.000) 2026-06-17 18:37:19 Started transferring input files
	Transferring to host: <134.158.133.32:9618?addrs=134.158.133.32-9618&alias=llrgrwn090.in2p3.fr&noUDP&sock=slot1_1_1278085_40de_21>
...
040 (808578.027.000) 2026-06-17 18:37:19 Finished transferring input files
...
001 (808578.027.000) 2026-06-17 18:37:20 Job executing on host: <134.158.133.32:9618?addrs=134.158.133.32-9618&alias=llrgrwn090.in2p3.fr&noUDP&sock=startd_1584_121b>
	SlotName: slot1_1@llrgrwn090.in2p3.fr
	CondorScratchDir = "/var/lib/condor/execute/dir_1468886"
	Cpus = 1
	Disk = 2048
	GPUs = 0
	Memory = 8192
...
006 (808578.027.000) 2026-06-17 18:37:28 Image size of job updated: 35172
	35  -  MemoryUsage of job (MB)
	35172  -  ResidentSetSize of job (KB)
...
006 (808578.027.000) 2026-06-17 18:42:28 Image size of job updated: 728572
	712  -  MemoryUsage of job (MB)
	728572  -  ResidentSetSize of job (KB)
...
006 (808578.027.000) 2026-06-17 18:43:21 Image size of job updated: 728576
	712  -  MemoryUsage of job (MB)
	728572  -  ResidentSetSize of job (KB)
...
004 (808578.027.000) 2026-06-17 18:43:23 Job was evicted.
	(0) CPU times
		Usr 0 00:00:19, Sys 0 00:00:02  -  Run Remote Usage
		Usr 0 00:00:00, Sys 0 00:00:00  -  Run Local Usage
	0  -  Run Bytes Sent By Job
	164816  -  Run Bytes Received By Job
	Partitionable Resources :    Usage  Request Allocated 
	   Cpus                 :        0        1         1 
	   Disk (KB)            :      179      175      2048 
	   GPUs                 :                           0 
	   Memory (MB)          :      712     8192      8192 
	   TimeExecute (s)      :      361                    
	   TimeSlotBusy (s)     :      362                    
...
009 (808578.027.000) 2026-06-17 18:43:23 Job was aborted.
	via condor_rm (by user amella)
...
000 (808579.027.000) 2026-06-17 18:43:37 Job submitted from host: <134.158.133.27:9618?addrs=134.158.133.27-9618&alias=llrt3condor.in2p3.fr&noUDP&sock=schedd_775_29fc>
...
040 (808579.027.000) 2026-06-17 18:43:45 Started transferring input files
	Transferring to host: <134.158.133.32:9618?addrs=134.158.133.32-9618&alias=llrgrwn090.in2p3.fr&noUDP&sock=slot1_1_1278085_40de_22>
...
040 (808579.027.000) 2026-06-17 18:43:45 Finished transferring input files
...
001 (808579.027.000) 2026-06-17 18:43:47 Job executing on host: <134.158.133.32:9618?addrs=134.158.133.32-9618&alias=llrgrwn090.in2p3.fr&noUDP&sock=startd_1584_121b>
	SlotName: slot1_1@llrgrwn090.in2p3.fr
	CondorScratchDir = "/var/lib/condor/execute/dir_1469831"
	Cpus = 1
	Disk = 2048
	GPUs = 0
	Memory = 8192
...
006 (808579.027.000) 2026-06-17 18:43:55 Image size of job updated: 36592
	36  -  MemoryUsage of job (MB)
	36592  -  ResidentSetSize of job (KB)
...
006 (808579.027.000) 2026-06-17 18:48:55 Image size of job updated: 622508
	608  -  MemoryUsage of job (MB)
	622508  -  ResidentSetSize of job (KB)
...
006 (808579.027.000) 2026-06-17 18:49:25 Image size of job updated: 622808
	608  -  MemoryUsage of job (MB)
	622508  -  ResidentSetSize of job (KB)
...
040 (808579.027.000) 2026-06-17 18:49:25 Started transferring output files
...
040 (808579.027.000) 2026-06-17 18:49:25 Finished transferring output files
...
005 (808579.027.000) 2026-06-17 18:49:26 Job terminated.
	(1) Normal termination (return value 0)
		Usr 0 00:00:18, Sys 0 00:00:02  -  Run Remote Usage
		Usr 0 00:00:00, Sys 0 00:00:00  -  Run Local Usage
		Usr 0 00:00:18, Sys 0 00:00:02  -  Total Remote Usage
		Usr 0 00:00:00, Sys 0 00:00:00  -  Total Local Usage
	38693  -  Run Bytes Sent By Job
	165531  -  Run Bytes Received By Job
	38693  -  Total Bytes Sent By Job
	165531  -  Total Bytes Received By Job
	Partitionable Resources :    Usage  Request Allocated 
	   Cpus                 :     0.00        1         1 
	   Disk (KB)            :   216         175      2048 
	   GPUs                 :                           0 
	   Memory (MB)          :   608        8192      8192 
	   TimeExecute (s)      :   339                       
	   TimeSlotBusy (s)     :   340                       

	Job terminated of its own accord at 2026-06-17T16:49:25Z with exit-code 0.
...
000 (808582.027.000) 2026-06-18 10:44:56 Job submitted from host: <134.158.133.27:9618?addrs=134.158.133.27-9618&alias=llrt3condor.in2p3.fr&noUDP&sock=schedd_775_29fc>
...
040 (808582.027.000) 2026-06-18 10:45:09 Started transferring input files
	Transferring to host: <134.158.133.24:9618?addrs=134.158.133.24-9618&alias=llrgrwn087.in2p3.fr&noUDP&sock=slot1_1_199204_fd1e_2960>
...
040 (808582.027.000) 2026-06-18 10:45:09 Finished transferring input files
...
001 (808582.027.000) 2026-06-18 10:45:10 Job executing on host: <134.158.133.24:9618?addrs=134.158.133.24-9618&alias=llrgrwn087.in2p3.fr&noUDP&sock=startd_1568_1897>
	SlotName: slot1_1@llrgrwn087.in2p3.fr
	CondorScratchDir = "/var/lib/condor/execute/dir_1046469"
	Cpus = 1
	Disk = 2048
	GPUs = 0
	Memory = 8192
...
006 (808582.027.000) 2026-06-18 10:45:18 Image size of job updated: 32840
	33  -  MemoryUsage of job (MB)
	32840  -  ResidentSetSize of job (KB)
...
006 (808582.027.000) 2026-06-18 10:50:18 Image size of job updated: 1613364
	1576  -  MemoryUsage of job (MB)
	1613364  -  ResidentSetSize of job (KB)
...
006 (808582.027.000) 2026-06-18 10:55:19 Image size of job updated: 3936144
	3836  -  MemoryUsage of job (MB)
	3927440  -  ResidentSetSize of job (KB)
...
006 (808582.027.000) 2026-06-18 11:00:20 Image size of job updated: 5798360
	5663  -  MemoryUsage of job (MB)
	5798360  -  ResidentSetSize of job (KB)
...
006 (808582.027.000) 2026-06-18 11:05:20 Image size of job updated: 5836524
	5700  -  MemoryUsage of job (MB)
	5836524  -  ResidentSetSize of job (KB)
...
006 (808582.027.000) 2026-06-18 11:10:21 Image size of job updated: 5836540
	5700  -  MemoryUsage of job (MB)
	5836540  -  ResidentSetSize of job (KB)
...
006 (808582.027.000) 2026-06-18 11:20:22 Image size of job updated: 6626116
	6471  -  MemoryUsage of job (MB)
	6626116  -  ResidentSetSize of job (KB)
...
006 (808582.027.000) 2026-06-18 11:25:23 Image size of job updated: 6638252
	6483  -  MemoryUsage of job (MB)
	6638252  -  ResidentSetSize of job (KB)
...
006 (808582.027.000) 2026-06-18 11:27:20 Image size of job updated: 11603692
	6483  -  MemoryUsage of job (MB)
	6638252  -  ResidentSetSize of job (KB)
...
040 (808582.027.000) 2026-06-18 11:27:20 Started transferring output files
...
040 (808582.027.000) 2026-06-18 11:27:20 Finished transferring output files
...
005 (808582.027.000) 2026-06-18 11:27:20 Job terminated.
	(1) Normal termination (return value 0)
		Usr 0 00:03:13, Sys 0 00:00:15  -  Run Remote Usage
		Usr 0 00:00:00, Sys 0 00:00:00  -  Run Local Usage
		Usr 0 00:03:13, Sys 0 00:00:15  -  Total Remote Usage
		Usr 0 00:00:00, Sys 0 00:00:00  -  Total Local Usage
	25125  -  Run Bytes Sent By Job
	165532  -  Run Bytes Received By Job
	25125  -  Total Bytes Sent By Job
	165532  -  Total Bytes Received By Job
	Partitionable Resources :    Usage  Request Allocated 
	   Cpus                 :     0.00        1         1 
	   Disk (KB)            :   203         175      2048 
	   GPUs                 :                           0 
	   Memory (MB)          :  6483        8192      8192 
	   TimeExecute (s)      :  2530                       
	   TimeSlotBusy (s)     :  2532                       

	Job terminated of its own accord at 2026-06-18T09:27:20Z with exit-code 0.
...
