000 (808577.022.000) 2026-06-17 18:26:54 Job submitted from host: <134.158.133.27:9618?addrs=134.158.133.27-9618&alias=llrt3condor.in2p3.fr&noUDP&sock=schedd_775_29fc>
...
040 (808577.022.000) 2026-06-17 18:26:57 Started transferring input files
	Transferring to host: <134.158.132.119:9618?addrs=134.158.132.119-9618&alias=llrgrwn079.in2p3.fr&noUDP&sock=slot1_1_1482_f3f5_2974>
...
040 (808577.022.000) 2026-06-17 18:26:57 Finished transferring input files
...
001 (808577.022.000) 2026-06-17 18:26:58 Job executing on host: <134.158.132.119:9618?addrs=134.158.132.119-9618&alias=llrgrwn079.in2p3.fr&noUDP&sock=startd_1430_7085>
	SlotName: slot1_1@llrgrwn079.in2p3.fr
	CondorScratchDir = "/var/lib/condor/execute/dir_917500"
	Cpus = 1
	Disk = 2048
	GPUs = 0
	Memory = 8192
...
006 (808577.022.000) 2026-06-17 18:27:06 Image size of job updated: 35232
	35  -  MemoryUsage of job (MB)
	35232  -  ResidentSetSize of job (KB)
...
006 (808577.022.000) 2026-06-17 18:27:51 Image size of job updated: 92740
	35  -  MemoryUsage of job (MB)
	35232  -  ResidentSetSize of job (KB)
...
040 (808577.022.000) 2026-06-17 18:27:51 Started transferring output files
...
040 (808577.022.000) 2026-06-17 18:27:51 Finished transferring output files
...
005 (808577.022.000) 2026-06-17 18:27:51 Job terminated.
	(1) Normal termination (return value 1)
		Usr 0 00:00:05, Sys 0 00:00:00  -  Run Remote Usage
		Usr 0 00:00:00, Sys 0 00:00:00  -  Run Local Usage
		Usr 0 00:00:05, Sys 0 00:00:00  -  Total Remote Usage
		Usr 0 00:00:00, Sys 0 00:00:00  -  Total Local Usage
	3270  -  Run Bytes Sent By Job
	164197  -  Run Bytes Received By Job
	3270  -  Total Bytes Sent By Job
	164197  -  Total Bytes Received By Job
	Partitionable Resources :    Usage  Request Allocated 
	   Cpus                 :        0        1         1 
	   Disk (KB)            :      180      175      2048 
	   GPUs                 :                           0 
	   Memory (MB)          :       35     8192      8192 
	   TimeExecute (s)      :       53                    
	   TimeSlotBusy (s)     :       55                    

	Job terminated of its own accord at 2026-06-17T16:27:51Z with exit-code 1.
...
000 (808578.022.000) 2026-06-17 18:36:58 Job submitted from host: <134.158.133.27:9618?addrs=134.158.133.27-9618&alias=llrt3condor.in2p3.fr&noUDP&sock=schedd_775_29fc>
...
040 (808578.022.000) 2026-06-17 18:37:18 Started transferring input files
	Transferring to host: <134.158.132.119:9618?addrs=134.158.132.119-9618&alias=llrgrwn079.in2p3.fr&noUDP&sock=slot1_1_1482_f3f5_2975>
...
040 (808578.022.000) 2026-06-17 18:37:18 Finished transferring input files
...
001 (808578.022.000) 2026-06-17 18:37:19 Job executing on host: <134.158.132.119:9618?addrs=134.158.132.119-9618&alias=llrgrwn079.in2p3.fr&noUDP&sock=startd_1430_7085>
	SlotName: slot1_1@llrgrwn079.in2p3.fr
	CondorScratchDir = "/var/lib/condor/execute/dir_918830"
	Cpus = 1
	Disk = 2048
	GPUs = 0
	Memory = 8192
...
006 (808578.022.000) 2026-06-17 18:37:27 Image size of job updated: 45156
	45  -  MemoryUsage of job (MB)
	45156  -  ResidentSetSize of job (KB)
...
006 (808578.022.000) 2026-06-17 18:41:50 Image size of job updated: 602052
	45  -  MemoryUsage of job (MB)
	45184  -  ResidentSetSize of job (KB)
...
040 (808578.022.000) 2026-06-17 18:41:51 Started transferring output files
...
040 (808578.022.000) 2026-06-17 18:41:51 Finished transferring output files
...
005 (808578.022.000) 2026-06-17 18:41:52 Job terminated.
	(1) Normal termination (return value 1)
		Usr 0 00:00:12, Sys 0 00:00:01  -  Run Remote Usage
		Usr 0 00:00:00, Sys 0 00:00:00  -  Run Local Usage
		Usr 0 00:00:12, Sys 0 00:00:01  -  Total Remote Usage
		Usr 0 00:00:00, Sys 0 00:00:00  -  Total Local Usage
	37643  -  Run Bytes Sent By Job
	164550  -  Run Bytes Received By Job
	37643  -  Total Bytes Sent By Job
	164550  -  Total Bytes Received By Job
	Partitionable Resources :    Usage  Request Allocated 
	   Cpus                 :     0.07        1         1 
	   Disk (KB)            :   214         175      2048 
	   GPUs                 :                           0 
	   Memory (MB)          :    45        8192      8192 
	   TimeExecute (s)      :   271                       
	   TimeSlotBusy (s)     :   273                       

	Job terminated of its own accord at 2026-06-17T16:41:50Z with exit-code 1.
...
000 (808579.022.000) 2026-06-17 18:43:37 Job submitted from host: <134.158.133.27:9618?addrs=134.158.133.27-9618&alias=llrt3condor.in2p3.fr&noUDP&sock=schedd_775_29fc>
...
040 (808579.022.000) 2026-06-17 18:43:44 Started transferring input files
	Transferring to host: <134.158.132.119:9618?addrs=134.158.132.119-9618&alias=llrgrwn079.in2p3.fr&noUDP&sock=slot1_1_1482_f3f5_2976>
...
040 (808579.022.000) 2026-06-17 18:43:45 Finished transferring input files
...
001 (808579.022.000) 2026-06-17 18:43:45 Job executing on host: <134.158.132.119:9618?addrs=134.158.132.119-9618&alias=llrgrwn079.in2p3.fr&noUDP&sock=startd_1430_7085>
	SlotName: slot1_1@llrgrwn079.in2p3.fr
	CondorScratchDir = "/var/lib/condor/execute/dir_919964"
	Cpus = 1
	Disk = 2048
	GPUs = 0
	Memory = 8192
...
006 (808579.022.000) 2026-06-17 18:43:54 Image size of job updated: 37396
	37  -  MemoryUsage of job (MB)
	37396  -  ResidentSetSize of job (KB)
...
006 (808579.022.000) 2026-06-17 18:48:54 Image size of job updated: 624064
	610  -  MemoryUsage of job (MB)
	624064  -  ResidentSetSize of job (KB)
...
006 (808579.022.000) 2026-06-17 18:58:55 Image size of job updated: 625928
	612  -  MemoryUsage of job (MB)
	625928  -  ResidentSetSize of job (KB)
...
006 (808579.022.000) 2026-06-17 19:03:56 Image size of job updated: 629540
	615  -  MemoryUsage of job (MB)
	629540  -  ResidentSetSize of job (KB)
...
006 (808579.022.000) 2026-06-17 19:23:58 Image size of job updated: 1678240
	1639  -  MemoryUsage of job (MB)
	1678240  -  ResidentSetSize of job (KB)
...
006 (808579.022.000) 2026-06-17 19:28:59 Image size of job updated: 2844776
	2779  -  MemoryUsage of job (MB)
	2844776  -  ResidentSetSize of job (KB)
...
006 (808579.022.000) 2026-06-17 19:34:00 Image size of job updated: 3995612
	3902  -  MemoryUsage of job (MB)
	3995612  -  ResidentSetSize of job (KB)
...
006 (808579.022.000) 2026-06-17 19:35:43 Image size of job updated: 7868032
	3902  -  MemoryUsage of job (MB)
	3995612  -  ResidentSetSize of job (KB)
...
040 (808579.022.000) 2026-06-17 19:35:43 Started transferring output files
...
040 (808579.022.000) 2026-06-17 19:35:43 Finished transferring output files
...
005 (808579.022.000) 2026-06-17 19:35:43 Job terminated.
	(1) Normal termination (return value 0)
		Usr 0 00:01:19, Sys 0 00:00:06  -  Run Remote Usage
		Usr 0 00:00:00, Sys 0 00:00:00  -  Run Local Usage
		Usr 0 00:01:19, Sys 0 00:00:06  -  Total Remote Usage
		Usr 0 00:00:00, Sys 0 00:00:00  -  Total Local Usage
	32217  -  Run Bytes Sent By Job
	165531  -  Run Bytes Received By Job
	32217  -  Total Bytes Sent By Job
	165531  -  Total Bytes Received By Job
	Partitionable Resources :    Usage  Request Allocated 
	   Cpus                 :     0.08        1         1 
	   Disk (KB)            :   210         175      2048 
	   GPUs                 :                           0 
	   Memory (MB)          :  3902        8192      8192 
	   TimeExecute (s)      :  3118                       
	   TimeSlotBusy (s)     :  3119                       

	Job terminated of its own accord at 2026-06-17T17:35:43Z with exit-code 0.
...
000 (808582.022.000) 2026-06-18 10:44:56 Job submitted from host: <134.158.133.27:9618?addrs=134.158.133.27-9618&alias=llrt3condor.in2p3.fr&noUDP&sock=schedd_775_29fc>
...
040 (808582.022.000) 2026-06-18 10:45:08 Started transferring input files
	Transferring to host: <134.158.132.103:9618?addrs=134.158.132.103-9618&alias=llrgrwn078.in2p3.fr&noUDP&sock=slot1_1_1483_a855_3218>
...
040 (808582.022.000) 2026-06-18 10:45:08 Finished transferring input files
...
001 (808582.022.000) 2026-06-18 10:45:09 Job executing on host: <134.158.132.103:9618?addrs=134.158.132.103-9618&alias=llrgrwn078.in2p3.fr&noUDP&sock=startd_1422_f3c3>
	SlotName: slot1_1@llrgrwn078.in2p3.fr
	CondorScratchDir = "/var/lib/condor/execute/dir_1060314"
	Cpus = 1
	Disk = 2048
	GPUs = 0
	Memory = 8192
...
006 (808582.022.000) 2026-06-18 10:45:17 Image size of job updated: 35136
	35  -  MemoryUsage of job (MB)
	35136  -  ResidentSetSize of job (KB)
...
006 (808582.022.000) 2026-06-18 10:50:17 Image size of job updated: 2044480
	1997  -  MemoryUsage of job (MB)
	2044480  -  ResidentSetSize of job (KB)
...
006 (808582.022.000) 2026-06-18 10:55:18 Image size of job updated: 4949440
	4834  -  MemoryUsage of job (MB)
	4949440  -  ResidentSetSize of job (KB)
...
006 (808582.022.000) 2026-06-18 11:00:19 Image size of job updated: 7122128
	6956  -  MemoryUsage of job (MB)
	7122128  -  ResidentSetSize of job (KB)
...
006 (808582.022.000) 2026-06-18 11:01:06 Image size of job updated: 11463736
	6956  -  MemoryUsage of job (MB)
	7122128  -  ResidentSetSize of job (KB)
...
040 (808582.022.000) 2026-06-18 11:01:06 Started transferring output files
...
040 (808582.022.000) 2026-06-18 11:01:06 Finished transferring output files
...
005 (808582.022.000) 2026-06-18 11:01:06 Job terminated.
	(1) Normal termination (return value 0)
		Usr 0 00:02:03, Sys 0 00:00:11  -  Run Remote Usage
		Usr 0 00:00:00, Sys 0 00:00:00  -  Run Local Usage
		Usr 0 00:02:03, Sys 0 00:00:11  -  Total Remote Usage
		Usr 0 00:00:00, Sys 0 00:00:00  -  Total Local Usage
	22674  -  Run Bytes Sent By Job
	165532  -  Run Bytes Received By Job
	22674  -  Total Bytes Sent By Job
	165532  -  Total Bytes Received By Job
	Partitionable Resources :    Usage  Request Allocated 
	   Cpus                 :     0.08        1         1 
	   Disk (KB)            :   201         175      2048 
	   GPUs                 :                           0 
	   Memory (MB)          :  6956        8192      8192 
	   TimeExecute (s)      :   957                       
	   TimeSlotBusy (s)     :   959                       

	Job terminated of its own accord at 2026-06-18T09:01:06Z with exit-code 0.
...
