000 (808577.023.000) 2026-06-17 18:26:54 Job submitted from host: <134.158.133.27:9618?addrs=134.158.133.27-9618&alias=llrt3condor.in2p3.fr&noUDP&sock=schedd_775_29fc>
...
040 (808577.023.000) 2026-06-17 18:26:57 Started transferring input files
	Transferring to host: <134.158.132.101:9618?addrs=134.158.132.101-9618&alias=llrgrwn076.in2p3.fr&noUDP&sock=slot1_1_1483_a855_2945>
...
040 (808577.023.000) 2026-06-17 18:26:57 Finished transferring input files
...
001 (808577.023.000) 2026-06-17 18:26:58 Job executing on host: <134.158.132.101:9618?addrs=134.158.132.101-9618&alias=llrgrwn076.in2p3.fr&noUDP&sock=startd_1424_52f3>
	SlotName: slot1_1@llrgrwn076.in2p3.fr
	CondorScratchDir = "/var/lib/condor/execute/dir_909237"
	Cpus = 1
	Disk = 2048
	GPUs = 0
	Memory = 8192
...
006 (808577.023.000) 2026-06-17 18:27:06 Image size of job updated: 35208
	35  -  MemoryUsage of job (MB)
	35208  -  ResidentSetSize of job (KB)
...
006 (808577.023.000) 2026-06-17 18:32:06 Image size of job updated: 462068
	452  -  MemoryUsage of job (MB)
	462068  -  ResidentSetSize of job (KB)
...
006 (808577.023.000) 2026-06-17 18:36:18 Image size of job updated: 466168
	452  -  MemoryUsage of job (MB)
	462068  -  ResidentSetSize of job (KB)
...
004 (808577.023.000) 2026-06-17 18:36:20 Job was evicted.
	(0) CPU times
		Usr 0 00:00:09, Sys 0 00:00:00  -  Run Remote Usage
		Usr 0 00:00:00, Sys 0 00:00:00  -  Run Local Usage
	0  -  Run Bytes Sent By Job
	164197  -  Run Bytes Received By Job
	Partitionable Resources :    Usage  Request Allocated 
	   Cpus                 :        0        1         1 
	   Disk (KB)            :      178      175      2048 
	   GPUs                 :                           0 
	   Memory (MB)          :      452     8192      8192 
	   TimeExecute (s)      :      559                    
	   TimeSlotBusy (s)     :      561                    
...
009 (808577.023.000) 2026-06-17 18:36:22 Job was aborted.
	via condor_rm (by user amella)
...
000 (808578.023.000) 2026-06-17 18:36:58 Job submitted from host: <134.158.133.27:9618?addrs=134.158.133.27-9618&alias=llrt3condor.in2p3.fr&noUDP&sock=schedd_775_29fc>
...
040 (808578.023.000) 2026-06-17 18:37:18 Started transferring input files
	Transferring to host: <134.158.132.101:9618?addrs=134.158.132.101-9618&alias=llrgrwn076.in2p3.fr&noUDP&sock=slot1_1_1483_a855_2946>
...
040 (808578.023.000) 2026-06-17 18:37:18 Finished transferring input files
...
001 (808578.023.000) 2026-06-17 18:37:19 Job executing on host: <134.158.132.101:9618?addrs=134.158.132.101-9618&alias=llrgrwn076.in2p3.fr&noUDP&sock=startd_1424_52f3>
	SlotName: slot1_1@llrgrwn076.in2p3.fr
	CondorScratchDir = "/var/lib/condor/execute/dir_910576"
	Cpus = 1
	Disk = 2048
	GPUs = 0
	Memory = 8192
...
006 (808578.023.000) 2026-06-17 18:37:28 Image size of job updated: 55716
	55  -  MemoryUsage of job (MB)
	55716  -  ResidentSetSize of job (KB)
...
006 (808578.023.000) 2026-06-17 18:42:29 Image size of job updated: 1238072
	1210  -  MemoryUsage of job (MB)
	1238072  -  ResidentSetSize of job (KB)
...
006 (808578.023.000) 2026-06-17 18:43:21 Image size of job updated: 1388372
	1352  -  MemoryUsage of job (MB)
	1383740  -  ResidentSetSize of job (KB)
...
004 (808578.023.000) 2026-06-17 18:43:21 Job was evicted.
	(0) CPU times
		Usr 0 00:00:23, Sys 0 00:00:01  -  Run Remote Usage
		Usr 0 00:00:00, Sys 0 00:00:00  -  Run Local Usage
	0  -  Run Bytes Sent By Job
	164550  -  Run Bytes Received By Job
	Partitionable Resources :    Usage  Request Allocated 
	   Cpus                 :     0.00        1         1 
	   Disk (KB)            :   178         175      2048 
	   GPUs                 :                           0 
	   Memory (MB)          :  1352        8192      8192 
	   TimeExecute (s)      :   360                       
	   TimeSlotBusy (s)     :   363                       
...
009 (808578.023.000) 2026-06-17 18:43:23 Job was aborted.
	via condor_rm (by user amella)
...
000 (808579.023.000) 2026-06-17 18:43:37 Job submitted from host: <134.158.133.27:9618?addrs=134.158.133.27-9618&alias=llrt3condor.in2p3.fr&noUDP&sock=schedd_775_29fc>
...
040 (808579.023.000) 2026-06-17 18:43:45 Started transferring input files
	Transferring to host: <134.158.132.101:9618?addrs=134.158.132.101-9618&alias=llrgrwn076.in2p3.fr&noUDP&sock=slot1_1_1483_a855_2947>
...
040 (808579.023.000) 2026-06-17 18:43:45 Finished transferring input files
...
001 (808579.023.000) 2026-06-17 18:43:46 Job executing on host: <134.158.132.101:9618?addrs=134.158.132.101-9618&alias=llrgrwn076.in2p3.fr&noUDP&sock=startd_1424_52f3>
	SlotName: slot1_1@llrgrwn076.in2p3.fr
	CondorScratchDir = "/var/lib/condor/execute/dir_911462"
	Cpus = 1
	Disk = 2048
	GPUs = 0
	Memory = 8192
...
006 (808579.023.000) 2026-06-17 18:43:54 Image size of job updated: 39744
	39  -  MemoryUsage of job (MB)
	39744  -  ResidentSetSize of job (KB)
...
006 (808579.023.000) 2026-06-17 18:48:54 Image size of job updated: 692644
	677  -  MemoryUsage of job (MB)
	692644  -  ResidentSetSize of job (KB)
...
006 (808579.023.000) 2026-06-17 18:53:55 Image size of job updated: 692648
	677  -  MemoryUsage of job (MB)
	692648  -  ResidentSetSize of job (KB)
...
006 (808579.023.000) 2026-06-17 19:03:55 Image size of job updated: 692660
	677  -  MemoryUsage of job (MB)
	692660  -  ResidentSetSize of job (KB)
...
006 (808579.023.000) 2026-06-17 19:08:56 Image size of job updated: 693064
	677  -  MemoryUsage of job (MB)
	693064  -  ResidentSetSize of job (KB)
...
006 (808579.023.000) 2026-06-17 19:13:56 Image size of job updated: 698468
	683  -  MemoryUsage of job (MB)
	698468  -  ResidentSetSize of job (KB)
...
006 (808579.023.000) 2026-06-17 19:23:57 Image size of job updated: 698472
	683  -  MemoryUsage of job (MB)
	698472  -  ResidentSetSize of job (KB)
...
006 (808579.023.000) 2026-06-17 19:33:58 Image size of job updated: 1596280
	1559  -  MemoryUsage of job (MB)
	1596280  -  ResidentSetSize of job (KB)
...
006 (808579.023.000) 2026-06-17 19:38:59 Image size of job updated: 1751624
	1711  -  MemoryUsage of job (MB)
	1751624  -  ResidentSetSize of job (KB)
...
006 (808579.023.000) 2026-06-17 19:41:23 Image size of job updated: 2357672
	1711  -  MemoryUsage of job (MB)
	1751624  -  ResidentSetSize of job (KB)
...
040 (808579.023.000) 2026-06-17 19:41:23 Started transferring output files
...
040 (808579.023.000) 2026-06-17 19:41:23 Finished transferring output files
...
005 (808579.023.000) 2026-06-17 19:41:23 Job terminated.
	(1) Normal termination (return value 0)
		Usr 0 00:00:34, Sys 0 00:00:03  -  Run Remote Usage
		Usr 0 00:00:00, Sys 0 00:00:00  -  Run Local Usage
		Usr 0 00:00:34, Sys 0 00:00:03  -  Total Remote Usage
		Usr 0 00:00:00, Sys 0 00:00:00  -  Total Local Usage
	38978  -  Run Bytes Sent By Job
	165531  -  Run Bytes Received By Job
	38978  -  Total Bytes Sent By Job
	165531  -  Total Bytes Received By Job
	Partitionable Resources :    Usage  Request Allocated 
	   Cpus                 :        0        1         1 
	   Disk (KB)            :      217      175      2048 
	   GPUs                 :                           0 
	   Memory (MB)          :     1711     8192      8192 
	   TimeExecute (s)      :     3457                    
	   TimeSlotBusy (s)     :     3459                    

	Job terminated of its own accord at 2026-06-17T17:41:23Z with exit-code 0.
...
000 (808582.023.000) 2026-06-18 10:44:56 Job submitted from host: <134.158.133.27:9618?addrs=134.158.133.27-9618&alias=llrt3condor.in2p3.fr&noUDP&sock=schedd_775_29fc>
...
040 (808582.023.000) 2026-06-18 10:45:08 Started transferring input files
	Transferring to host: <134.158.132.159:9618?addrs=134.158.132.159-9618&alias=llrgrwn072.in2p3.fr&noUDP&sock=slot1_1_1610_23fb_1769>
...
040 (808582.023.000) 2026-06-18 10:45:08 Finished transferring input files
...
001 (808582.023.000) 2026-06-18 10:45:09 Job executing on host: <134.158.132.159:9618?addrs=134.158.132.159-9618&alias=llrgrwn072.in2p3.fr&noUDP&sock=startd_1494_5694>
	SlotName: slot1_1@llrgrwn072.in2p3.fr
	CondorScratchDir = "/var/lib/condor/execute/dir_2705749"
	Cpus = 1
	Disk = 2048
	GPUs = 0
	Memory = 8192
...
006 (808582.023.000) 2026-06-18 10:45:18 Image size of job updated: 35180
	35  -  MemoryUsage of job (MB)
	35180  -  ResidentSetSize of job (KB)
...
006 (808582.023.000) 2026-06-18 10:50:19 Image size of job updated: 1819692
	1778  -  MemoryUsage of job (MB)
	1819692  -  ResidentSetSize of job (KB)
...
006 (808582.023.000) 2026-06-18 10:55:20 Image size of job updated: 3995444
	3902  -  MemoryUsage of job (MB)
	3995444  -  ResidentSetSize of job (KB)
...
006 (808582.023.000) 2026-06-18 11:00:20 Image size of job updated: 6027632
	5887  -  MemoryUsage of job (MB)
	6027632  -  ResidentSetSize of job (KB)
...
006 (808582.023.000) 2026-06-18 11:04:24 Image size of job updated: 13411960
	5887  -  MemoryUsage of job (MB)
	6027632  -  ResidentSetSize of job (KB)
...
040 (808582.023.000) 2026-06-18 11:04:24 Started transferring output files
...
040 (808582.023.000) 2026-06-18 11:04:24 Finished transferring output files
...
005 (808582.023.000) 2026-06-18 11:04:24 Job terminated.
	(1) Normal termination (return value 0)
		Usr 0 00:01:45, Sys 0 00:00:09  -  Run Remote Usage
		Usr 0 00:00:00, Sys 0 00:00:00  -  Run Local Usage
		Usr 0 00:01:45, Sys 0 00:00:09  -  Total Remote Usage
		Usr 0 00:00:00, Sys 0 00:00:00  -  Total Local Usage
	25928  -  Run Bytes Sent By Job
	165532  -  Run Bytes Received By Job
	25928  -  Total Bytes Sent By Job
	165532  -  Total Bytes Received By Job
	Partitionable Resources :    Usage  Request Allocated 
	   Cpus                 :     0.00        1         1 
	   Disk (KB)            :   204         175      2048 
	   GPUs                 :                           0 
	   Memory (MB)          :  5887        8192      8192 
	   TimeExecute (s)      :  1155                       
	   TimeSlotBusy (s)     :  1156                       

	Job terminated of its own accord at 2026-06-18T09:04:24Z with exit-code 0.
...
