000 (808577.026.000) 2026-06-17 18:26:54 Job submitted from host: <134.158.133.27:9618?addrs=134.158.133.27-9618&alias=llrt3condor.in2p3.fr&noUDP&sock=schedd_775_29fc>
...
040 (808577.026.000) 2026-06-17 18:26:57 Started transferring input files
	Transferring to host: <134.158.132.99:9618?addrs=134.158.132.99-9618&alias=llrgrwn009.in2p3.fr&noUDP&sock=slot1_1_1645_cd1c_2657>
...
040 (808577.026.000) 2026-06-17 18:26:57 Finished transferring input files
...
001 (808577.026.000) 2026-06-17 18:26:58 Job executing on host: <134.158.132.99:9618?addrs=134.158.132.99-9618&alias=llrgrwn009.in2p3.fr&noUDP&sock=startd_1533_16c6>
	SlotName: slot1_1@llrgrwn009.in2p3.fr
	CondorScratchDir = "/var/lib/condor/execute/dir_820718"
	Cpus = 1
	Disk = 2048
	GPUs = 0
	Memory = 8192
...
006 (808577.026.000) 2026-06-17 18:27:07 Image size of job updated: 35200
	35  -  MemoryUsage of job (MB)
	35200  -  ResidentSetSize of job (KB)
...
006 (808577.026.000) 2026-06-17 18:32:08 Image size of job updated: 741244
	724  -  MemoryUsage of job (MB)
	741244  -  ResidentSetSize of job (KB)
...
006 (808577.026.000) 2026-06-17 18:36:18 Image size of job updated: 744824
	726  -  MemoryUsage of job (MB)
	742788  -  ResidentSetSize of job (KB)
...
004 (808577.026.000) 2026-06-17 18:36:20 Job was evicted.
	(0) CPU times
		Usr 0 00:00:12, Sys 0 00:00:01  -  Run Remote Usage
		Usr 0 00:00:00, Sys 0 00:00:00  -  Run Local Usage
	0  -  Run Bytes Sent By Job
	164197  -  Run Bytes Received By Job
	Partitionable Resources :    Usage  Request Allocated 
	   Cpus                 :     0.00        1         1 
	   Disk (KB)            :   178         175      2048 
	   GPUs                 :                           0 
	   Memory (MB)          :   726        8192      8192 
	   TimeExecute (s)      :   559                       
	   TimeSlotBusy (s)     :   561                       
...
009 (808577.026.000) 2026-06-17 18:36:22 Job was aborted.
	via condor_rm (by user amella)
...
000 (808578.026.000) 2026-06-17 18:36:58 Job submitted from host: <134.158.133.27:9618?addrs=134.158.133.27-9618&alias=llrt3condor.in2p3.fr&noUDP&sock=schedd_775_29fc>
...
040 (808578.026.000) 2026-06-17 18:37:19 Started transferring input files
	Transferring to host: <134.158.132.99:9618?addrs=134.158.132.99-9618&alias=llrgrwn009.in2p3.fr&noUDP&sock=slot1_1_1645_cd1c_2658>
...
040 (808578.026.000) 2026-06-17 18:37:19 Finished transferring input files
...
001 (808578.026.000) 2026-06-17 18:37:20 Job executing on host: <134.158.132.99:9618?addrs=134.158.132.99-9618&alias=llrgrwn009.in2p3.fr&noUDP&sock=startd_1533_16c6>
	SlotName: slot1_1@llrgrwn009.in2p3.fr
	CondorScratchDir = "/var/lib/condor/execute/dir_822025"
	Cpus = 1
	Disk = 2048
	GPUs = 0
	Memory = 8192
...
006 (808578.026.000) 2026-06-17 18:37:28 Image size of job updated: 55704
	55  -  MemoryUsage of job (MB)
	55704  -  ResidentSetSize of job (KB)
...
006 (808578.026.000) 2026-06-17 18:42:28 Image size of job updated: 734492
	718  -  MemoryUsage of job (MB)
	734492  -  ResidentSetSize of job (KB)
...
004 (808578.026.000) 2026-06-17 18:43:22 Job was evicted.
	(0) CPU times
		Usr 0 00:00:11, Sys 0 00:00:01  -  Run Remote Usage
		Usr 0 00:00:00, Sys 0 00:00:00  -  Run Local Usage
	0  -  Run Bytes Sent By Job
	164816  -  Run Bytes Received By Job
	Partitionable Resources :    Usage  Request Allocated 
	   Cpus                 :     0.03        1         1 
	   Disk (KB)            :   179         175      2048 
	   GPUs                 :                           0 
	   Memory (MB)          :   718        8192      8192 
	   TimeExecute (s)      :   361                       
	   TimeSlotBusy (s)     :   362                       
...
009 (808578.026.000) 2026-06-17 18:43:23 Job was aborted.
	via condor_rm (by user amella)
...
000 (808579.026.000) 2026-06-17 18:43:37 Job submitted from host: <134.158.133.27:9618?addrs=134.158.133.27-9618&alias=llrt3condor.in2p3.fr&noUDP&sock=schedd_775_29fc>
...
040 (808579.026.000) 2026-06-17 18:43:45 Started transferring input files
	Transferring to host: <134.158.132.99:9618?addrs=134.158.132.99-9618&alias=llrgrwn009.in2p3.fr&noUDP&sock=slot1_1_1645_cd1c_2659>
...
040 (808579.026.000) 2026-06-17 18:43:45 Finished transferring input files
...
001 (808579.026.000) 2026-06-17 18:43:46 Job executing on host: <134.158.132.99:9618?addrs=134.158.132.99-9618&alias=llrgrwn009.in2p3.fr&noUDP&sock=startd_1533_16c6>
	SlotName: slot1_1@llrgrwn009.in2p3.fr
	CondorScratchDir = "/var/lib/condor/execute/dir_823115"
	Cpus = 1
	Disk = 2048
	GPUs = 0
	Memory = 8192
...
006 (808579.026.000) 2026-06-17 18:43:55 Image size of job updated: 55704
	55  -  MemoryUsage of job (MB)
	55704  -  ResidentSetSize of job (KB)
...
006 (808579.026.000) 2026-06-17 18:48:56 Image size of job updated: 632344
	618  -  MemoryUsage of job (MB)
	632344  -  ResidentSetSize of job (KB)
...
006 (808579.026.000) 2026-06-17 18:53:56 Image size of job updated: 634212
	620  -  MemoryUsage of job (MB)
	634212  -  ResidentSetSize of job (KB)
...
006 (808579.026.000) 2026-06-17 18:58:57 Image size of job updated: 637812
	623  -  MemoryUsage of job (MB)
	637812  -  ResidentSetSize of job (KB)
...
006 (808579.026.000) 2026-06-17 19:24:00 Image size of job updated: 637820
	623  -  MemoryUsage of job (MB)
	637820  -  ResidentSetSize of job (KB)
...
006 (808579.026.000) 2026-06-17 19:28:50 Image size of job updated: 2815200
	623  -  MemoryUsage of job (MB)
	637820  -  ResidentSetSize of job (KB)
...
040 (808579.026.000) 2026-06-17 19:28:51 Started transferring output files
...
040 (808579.026.000) 2026-06-17 19:28:51 Finished transferring output files
...
005 (808579.026.000) 2026-06-17 19:28:51 Job terminated.
	(1) Normal termination (return value 0)
		Usr 0 00:00:34, Sys 0 00:00:03  -  Run Remote Usage
		Usr 0 00:00:00, Sys 0 00:00:00  -  Run Local Usage
		Usr 0 00:00:34, Sys 0 00:00:03  -  Total Remote Usage
		Usr 0 00:00:00, Sys 0 00:00:00  -  Total Local Usage
	38380  -  Run Bytes Sent By Job
	165531  -  Run Bytes Received By Job
	38380  -  Total Bytes Sent By Job
	165531  -  Total Bytes Received By Job
	Partitionable Resources :    Usage  Request Allocated 
	   Cpus                 :     0.13        1         1 
	   Disk (KB)            :   216         175      2048 
	   GPUs                 :                           0 
	   Memory (MB)          :   623        8192      8192 
	   TimeExecute (s)      :  2704                       
	   TimeSlotBusy (s)     :  2706                       

	Job terminated of its own accord at 2026-06-17T17:28:50Z with exit-code 0.
...
000 (808582.026.000) 2026-06-18 10:44:56 Job submitted from host: <134.158.133.27:9618?addrs=134.158.133.27-9618&alias=llrt3condor.in2p3.fr&noUDP&sock=schedd_775_29fc>
...
040 (808582.026.000) 2026-06-18 10:45:08 Started transferring input files
	Transferring to host: <134.158.133.32:9618?addrs=134.158.133.32-9618&alias=llrgrwn090.in2p3.fr&noUDP&sock=slot1_1_1278085_40de_23>
...
040 (808582.026.000) 2026-06-18 10:45:08 Finished transferring input files
...
001 (808582.026.000) 2026-06-18 10:45:10 Job executing on host: <134.158.133.32:9618?addrs=134.158.133.32-9618&alias=llrgrwn090.in2p3.fr&noUDP&sock=startd_1584_121b>
	SlotName: slot1_1@llrgrwn090.in2p3.fr
	CondorScratchDir = "/var/lib/condor/execute/dir_1663221"
	Cpus = 1
	Disk = 2048
	GPUs = 0
	Memory = 8192
...
006 (808582.026.000) 2026-06-18 10:45:18 Image size of job updated: 35168
	35  -  MemoryUsage of job (MB)
	35168  -  ResidentSetSize of job (KB)
...
006 (808582.026.000) 2026-06-18 10:50:18 Image size of job updated: 2373304
	2318  -  MemoryUsage of job (MB)
	2373304  -  ResidentSetSize of job (KB)
...
006 (808582.026.000) 2026-06-18 10:55:19 Image size of job updated: 4270500
	4171  -  MemoryUsage of job (MB)
	4270500  -  ResidentSetSize of job (KB)
...
006 (808582.026.000) 2026-06-18 11:00:20 Image size of job updated: 4851880
	4739  -  MemoryUsage of job (MB)
	4851880  -  ResidentSetSize of job (KB)
...
006 (808582.026.000) 2026-06-18 11:05:20 Image size of job updated: 4851884
	4739  -  MemoryUsage of job (MB)
	4851884  -  ResidentSetSize of job (KB)
...
006 (808582.026.000) 2026-06-18 11:15:22 Image size of job updated: 4883592
	4770  -  MemoryUsage of job (MB)
	4883592  -  ResidentSetSize of job (KB)
...
006 (808582.026.000) 2026-06-18 11:20:22 Image size of job updated: 4883608
	4770  -  MemoryUsage of job (MB)
	4883608  -  ResidentSetSize of job (KB)
...
006 (808582.026.000) 2026-06-18 11:25:23 Image size of job updated: 4883632
	4770  -  MemoryUsage of job (MB)
	4883632  -  ResidentSetSize of job (KB)
...
006 (808582.026.000) 2026-06-18 11:27:41 Image size of job updated: 7272096
	4770  -  MemoryUsage of job (MB)
	4883632  -  ResidentSetSize of job (KB)
...
040 (808582.026.000) 2026-06-18 11:27:41 Started transferring output files
...
040 (808582.026.000) 2026-06-18 11:27:41 Finished transferring output files
...
005 (808582.026.000) 2026-06-18 11:27:41 Job terminated.
	(1) Normal termination (return value 0)
		Usr 0 00:02:17, Sys 0 00:00:11  -  Run Remote Usage
		Usr 0 00:00:00, Sys 0 00:00:00  -  Run Local Usage
		Usr 0 00:02:17, Sys 0 00:00:11  -  Total Remote Usage
		Usr 0 00:00:00, Sys 0 00:00:00  -  Total Local Usage
	29903  -  Run Bytes Sent By Job
	165532  -  Run Bytes Received By Job
	29903  -  Total Bytes Sent By Job
	165532  -  Total Bytes Received By Job
	Partitionable Resources :    Usage  Request Allocated 
	   Cpus                 :        0        1         1 
	   Disk (KB)            :      208      175      2048 
	   GPUs                 :                           0 
	   Memory (MB)          :     4770     8192      8192 
	   TimeExecute (s)      :     2552                    
	   TimeSlotBusy (s)     :     2553                    

	Job terminated of its own accord at 2026-06-18T09:27:41Z with exit-code 0.
...
