000 (808577.025.000) 2026-06-17 18:26:54 Job submitted from host: <134.158.133.27:9618?addrs=134.158.133.27-9618&alias=llrt3condor.in2p3.fr&noUDP&sock=schedd_775_29fc>
...
040 (808577.025.000) 2026-06-17 18:26:57 Started transferring input files
	Transferring to host: <134.158.133.23:9618?addrs=134.158.133.23-9618&alias=llrgrwn086.in2p3.fr&noUDP&sock=slot1_1_1635_c15c_2903>
...
040 (808577.025.000) 2026-06-17 18:26:57 Finished transferring input files
...
001 (808577.025.000) 2026-06-17 18:26:58 Job executing on host: <134.158.133.23:9618?addrs=134.158.133.23-9618&alias=llrgrwn086.in2p3.fr&noUDP&sock=startd_1561_4b6d>
	SlotName: slot1_1@llrgrwn086.in2p3.fr
	CondorScratchDir = "/var/lib/condor/execute/dir_848573"
	Cpus = 1
	Disk = 2048
	GPUs = 0
	Memory = 8192
...
006 (808577.025.000) 2026-06-17 18:27:07 Image size of job updated: 35208
	35  -  MemoryUsage of job (MB)
	35208  -  ResidentSetSize of job (KB)
...
006 (808577.025.000) 2026-06-17 18:32:08 Image size of job updated: 421140
	412  -  MemoryUsage of job (MB)
	421140  -  ResidentSetSize of job (KB)
...
006 (808577.025.000) 2026-06-17 18:36:18 Image size of job updated: 421176
	412  -  MemoryUsage of job (MB)
	421140  -  ResidentSetSize of job (KB)
...
004 (808577.025.000) 2026-06-17 18:36:20 Job was evicted.
	(0) CPU times
		Usr 0 00:00:11, Sys 0 00:00:01  -  Run Remote Usage
		Usr 0 00:00:00, Sys 0 00:00:00  -  Run Local Usage
	0  -  Run Bytes Sent By Job
	164197  -  Run Bytes Received By Job
	Partitionable Resources :    Usage  Request Allocated 
	   Cpus                 :        0        1         1 
	   Disk (KB)            :      178      175      2048 
	   GPUs                 :                           0 
	   Memory (MB)          :      412     8192      8192 
	   TimeExecute (s)      :      559                    
	   TimeSlotBusy (s)     :      561                    
...
009 (808577.025.000) 2026-06-17 18:36:22 Job was aborted.
	via condor_rm (by user amella)
...
000 (808578.025.000) 2026-06-17 18:36:58 Job submitted from host: <134.158.133.27:9618?addrs=134.158.133.27-9618&alias=llrt3condor.in2p3.fr&noUDP&sock=schedd_775_29fc>
...
040 (808578.025.000) 2026-06-17 18:37:18 Started transferring input files
	Transferring to host: <134.158.133.23:9618?addrs=134.158.133.23-9618&alias=llrgrwn086.in2p3.fr&noUDP&sock=slot1_1_1635_c15c_2904>
...
040 (808578.025.000) 2026-06-17 18:37:19 Finished transferring input files
...
001 (808578.025.000) 2026-06-17 18:37:20 Job executing on host: <134.158.133.23:9618?addrs=134.158.133.23-9618&alias=llrgrwn086.in2p3.fr&noUDP&sock=startd_1561_4b6d>
	SlotName: slot1_1@llrgrwn086.in2p3.fr
	CondorScratchDir = "/var/lib/condor/execute/dir_849912"
	Cpus = 1
	Disk = 2048
	GPUs = 0
	Memory = 8192
...
006 (808578.025.000) 2026-06-17 18:37:28 Image size of job updated: 35172
	35  -  MemoryUsage of job (MB)
	35172  -  ResidentSetSize of job (KB)
...
006 (808578.025.000) 2026-06-17 18:42:28 Image size of job updated: 752424
	735  -  MemoryUsage of job (MB)
	752424  -  ResidentSetSize of job (KB)
...
006 (808578.025.000) 2026-06-17 18:43:13 Image size of job updated: 752536
	735  -  MemoryUsage of job (MB)
	752424  -  ResidentSetSize of job (KB)
...
040 (808578.025.000) 2026-06-17 18:43:18 Started transferring output files
...
040 (808578.025.000) 2026-06-17 18:43:19 Finished transferring output files
...
005 (808578.025.000) 2026-06-17 18:43:23 Job terminated.
	(1) Normal termination (return value 1)
		Usr 0 00:00:21, Sys 0 00:00:02  -  Run Remote Usage
		Usr 0 00:00:00, Sys 0 00:00:00  -  Run Local Usage
		Usr 0 00:00:21, Sys 0 00:00:02  -  Total Remote Usage
		Usr 0 00:00:00, Sys 0 00:00:00  -  Total Local Usage
	38088  -  Run Bytes Sent By Job
	164550  -  Run Bytes Received By Job
	38088  -  Total Bytes Sent By Job
	164550  -  Total Bytes Received By Job
	Partitionable Resources :    Usage  Request Allocated 
	   Cpus                 :     0.02        1         1 
	   Disk (KB)            :   215         175      2048 
	   GPUs                 :                           0 
	   Memory (MB)          :   735        8192      8192 
	   TimeExecute (s)      :   353                       
	   TimeSlotBusy (s)     :   363                       

	Job terminated of its own accord at 2026-06-17T16:43:13Z with exit-code 1.
...
009 (808578.025.000) 2026-06-17 18:43:23 Job was aborted.
	via condor_rm (by user amella)

	Job terminated by itself at 2026-06-17T16:43:13Z (using method 0: OF_ITS_OWN_ACCORD).
...
000 (808579.025.000) 2026-06-17 18:43:37 Job submitted from host: <134.158.133.27:9618?addrs=134.158.133.27-9618&alias=llrt3condor.in2p3.fr&noUDP&sock=schedd_775_29fc>
...
040 (808579.025.000) 2026-06-17 18:43:45 Started transferring input files
	Transferring to host: <134.158.133.26:9618?addrs=134.158.133.26-9618&alias=llrgrwn089.in2p3.fr&noUDP&sock=slot1_1_1673_879d_2923>
...
040 (808579.025.000) 2026-06-17 18:43:45 Finished transferring input files
...
001 (808579.025.000) 2026-06-17 18:43:46 Job executing on host: <134.158.133.26:9618?addrs=134.158.133.26-9618&alias=llrgrwn089.in2p3.fr&noUDP&sock=startd_1566_b966>
	SlotName: slot1_1@llrgrwn089.in2p3.fr
	CondorScratchDir = "/var/lib/condor/execute/dir_851661"
	Cpus = 1
	Disk = 2048
	GPUs = 0
	Memory = 8192
...
006 (808579.025.000) 2026-06-17 18:43:55 Image size of job updated: 55740
	55  -  MemoryUsage of job (MB)
	55740  -  ResidentSetSize of job (KB)
...
006 (808579.025.000) 2026-06-17 18:48:52 Image size of job updated: 1149460
	55  -  MemoryUsage of job (MB)
	55740  -  ResidentSetSize of job (KB)
...
040 (808579.025.000) 2026-06-17 18:48:52 Started transferring output files
...
040 (808579.025.000) 2026-06-17 18:48:52 Finished transferring output files
...
005 (808579.025.000) 2026-06-17 18:48:52 Job terminated.
	(1) Normal termination (return value 0)
		Usr 0 00:00:19, Sys 0 00:00:02  -  Run Remote Usage
		Usr 0 00:00:00, Sys 0 00:00:00  -  Run Local Usage
		Usr 0 00:00:19, Sys 0 00:00:02  -  Total Remote Usage
		Usr 0 00:00:00, Sys 0 00:00:00  -  Total Local Usage
	38732  -  Run Bytes Sent By Job
	165531  -  Run Bytes Received By Job
	38732  -  Total Bytes Sent By Job
	165531  -  Total Bytes Received By Job
	Partitionable Resources :    Usage  Request Allocated 
	   Cpus                 :     0.05        1         1 
	   Disk (KB)            :   217         175      2048 
	   GPUs                 :                           0 
	   Memory (MB)          :    55        8192      8192 
	   TimeExecute (s)      :   306                       
	   TimeSlotBusy (s)     :   307                       

	Job terminated of its own accord at 2026-06-17T16:48:52Z with exit-code 0.
...
000 (808582.025.000) 2026-06-18 10:44:56 Job submitted from host: <134.158.133.27:9618?addrs=134.158.133.27-9618&alias=llrt3condor.in2p3.fr&noUDP&sock=schedd_775_29fc>
...
040 (808582.025.000) 2026-06-18 10:45:08 Started transferring input files
	Transferring to host: <134.158.133.25:9618?addrs=134.158.133.25-9618&alias=llrgrwn088.in2p3.fr&noUDP&sock=slot1_1_197304_4450_3005>
...
040 (808582.025.000) 2026-06-18 10:45:08 Finished transferring input files
...
001 (808582.025.000) 2026-06-18 10:45:09 Job executing on host: <134.158.133.25:9618?addrs=134.158.133.25-9618&alias=llrgrwn088.in2p3.fr&noUDP&sock=startd_1571_275f>
	SlotName: slot1_1@llrgrwn088.in2p3.fr
	CondorScratchDir = "/var/lib/condor/execute/dir_1035850"
	Cpus = 1
	Disk = 2048
	GPUs = 0
	Memory = 8192
...
006 (808582.025.000) 2026-06-18 10:45:18 Image size of job updated: 35176
	35  -  MemoryUsage of job (MB)
	35176  -  ResidentSetSize of job (KB)
...
006 (808582.025.000) 2026-06-18 10:50:19 Image size of job updated: 2338460
	2284  -  MemoryUsage of job (MB)
	2338204  -  ResidentSetSize of job (KB)
...
006 (808582.025.000) 2026-06-18 10:55:19 Image size of job updated: 4736800
	4626  -  MemoryUsage of job (MB)
	4736800  -  ResidentSetSize of job (KB)
...
006 (808582.025.000) 2026-06-18 11:00:19 Image size of job updated: 6884420
	6724  -  MemoryUsage of job (MB)
	6884420  -  ResidentSetSize of job (KB)
...
006 (808582.025.000) 2026-06-18 11:05:20 Image size of job updated: 6911408
	6750  -  MemoryUsage of job (MB)
	6911408  -  ResidentSetSize of job (KB)
...
006 (808582.025.000) 2026-06-18 11:20:21 Image size of job updated: 7709272
	7529  -  MemoryUsage of job (MB)
	7709272  -  ResidentSetSize of job (KB)
...
006 (808582.025.000) 2026-06-18 11:25:21 Image size of job updated: 7738368
	7557  -  MemoryUsage of job (MB)
	7738368  -  ResidentSetSize of job (KB)
...
006 (808582.025.000) 2026-06-18 11:26:01 Image size of job updated: 17047688
	7557  -  MemoryUsage of job (MB)
	7738368  -  ResidentSetSize of job (KB)
...
040 (808582.025.000) 2026-06-18 11:26:01 Started transferring output files
...
040 (808582.025.000) 2026-06-18 11:26:01 Finished transferring output files
...
005 (808582.025.000) 2026-06-18 11:26:01 Job terminated.
	(1) Normal termination (return value 0)
		Usr 0 00:03:41, Sys 0 00:00:18  -  Run Remote Usage
		Usr 0 00:00:00, Sys 0 00:00:00  -  Run Local Usage
		Usr 0 00:03:41, Sys 0 00:00:18  -  Total Remote Usage
		Usr 0 00:00:00, Sys 0 00:00:00  -  Total Local Usage
	22724  -  Run Bytes Sent By Job
	165532  -  Run Bytes Received By Job
	22724  -  Total Bytes Sent By Job
	165532  -  Total Bytes Received By Job
	Partitionable Resources :    Usage  Request Allocated 
	   Cpus                 :        0        1         1 
	   Disk (KB)            :      201      175      2048 
	   GPUs                 :                           0 
	   Memory (MB)          :     7557     8192      8192 
	   TimeExecute (s)      :     2452                    
	   TimeSlotBusy (s)     :     2453                    

	Job terminated of its own accord at 2026-06-18T09:26:01Z with exit-code 0.
...
