Running: python3 scripts.load_data -n 9999999 --particles Photon --pileup PU200 --job_id 0 --n_jobs 10 --n_files 976
root://cms-xrd-global.cern.ch//store/user/ejclemen/HGCal/Stage2Emulator/double
--- Job 0/10 starting: Processing 97 files ---
Skipping file due to XRootD error: root://cms-xrd-global.cern.ch//store/user/ejclemen/HGCal/Stage2Emulator/doublePhoton_PU200/ntuple_31.root:l1tHGCalTriggerNtuplizer/HGCalTriggerNtuple
  XRootD error: [ERROR] Operation expired
in file root://cms-xrd-global.cern.ch//store/user/ejclemen/HGCal/Stage2Emulator/doublePhoton_PU200/ntuple_31.root
Skipping file due to XRootD error: root://cms-xrd-global.cern.ch//store/user/ejclemen/HGCal/Stage2Emulator/doublePhoton_PU200/ntuple_38.root:l1tHGCalTriggerNtuplizer/HGCalTriggerNtuple
  XRootD error: [ERROR] Operation expired
in file root://cms-xrd-global.cern.ch//store/user/ejclemen/HGCal/Stage2Emulator/doublePhoton_PU200/ntuple_38.root
Skipping file due to XRootD error: root://cms-xrd-global.cern.ch//store/user/ejclemen/HGCal/Stage2Emulator/doublePhoton_PU200/ntuple_41.root:l1tHGCalTriggerNtuplizer/HGCalTriggerNtuple
  expected Chunk of length 161,
received 0 bytes from XRootDSource
for file path root://cms-xrd-global.cern.ch//store/user/ejclemen/HGCal/Stage2Emulator/doublePhoton_PU200/ntuple_41.root
Skipping file due to XRootD error: root://cms-xrd-global.cern.ch//store/user/ejclemen/HGCal/Stage2Emulator/doublePhoton_PU200/ntuple_45.root:l1tHGCalTriggerNtuplizer/HGCalTriggerNtuple
  XRootD error: [ERROR] Operation expired
in file root://cms-xrd-global.cern.ch//store/user/ejclemen/HGCal/Stage2Emulator/doublePhoton_PU200/ntuple_45.root
Skipping file due to XRootD error: root://cms-xrd-global.cern.ch//store/user/ejclemen/HGCal/Stage2Emulator/doublePhoton_PU200/ntuple_48.root:l1tHGCalTriggerNtuplizer/HGCalTriggerNtuple
  XRootD error: [ERROR] Operation expired
in file root://cms-xrd-global.cern.ch//store/user/ejclemen/HGCal/Stage2Emulator/doublePhoton_PU200/ntuple_48.root
Skipping file due to XRootD error: root://cms-xrd-global.cern.ch//store/user/ejclemen/HGCal/Stage2Emulator/doublePhoton_PU200/ntuple_49.root:l1tHGCalTriggerNtuplizer/HGCalTriggerNtuple
  XRootD error: [ERROR] Invalid response
in file root://cms-xrd-global.cern.ch//store/user/ejclemen/HGCal/Stage2Emulator/doublePhoton_PU200/ntuple_49.root
Skipping file due to XRootD error: root://cms-xrd-global.cern.ch//store/user/ejclemen/HGCal/Stage2Emulator/doublePhoton_PU200/ntuple_50.root:l1tHGCalTriggerNtuplizer/HGCalTriggerNtuple
  invalid literal for int() with base 10: b'\x00\x00\x00\x00\x00\x00\x00\x00\x00\x00\x00\x00-99706742358671316 443910640 48 1781267843 1781267843 1781267837 0664 xrootd xrootd\x00'
Skipping file due to XRootD error: root://cms-xrd-global.cern.ch//store/user/ejclemen/HGCal/Stage2Emulator/doublePhoton_PU200/ntuple_51.root:l1tHGCalTriggerNtuplizer/HGCalTriggerNtuple
  XRootD error: [ERROR] Invalid response
in file root://cms-xrd-global.cern.ch//store/user/ejclemen/HGCal/Stage2Emulator/doublePhoton_PU200/ntuple_51.root
Skipping file due to XRootD error: root://cms-xrd-global.cern.ch//store/user/ejclemen/HGCal/Stage2Emulator/doublePhoton_PU200/ntuple_52.root:l1tHGCalTriggerNtuplizer/HGCalTriggerNtuple
  invalid literal for int() with base 10: b'\x01\x00\x00\x00\x00\x00\x00\x00\x00\x00\x00\x00-99713399557980116 441920816 48 1781259664 1781259664 1781259658 0664 xrootd xrootd\x00'
Skipping file due to XRootD error: root://cms-xrd-global.cern.ch//store/user/ejclemen/HGCal/Stage2Emulator/doublePhoton_PU200/ntuple_53.root:l1tHGCalTriggerNtuplizer/HGCalTriggerNtuple
  XRootD error: [ERROR] Invalid response
in file root://cms-xrd-global.cern.ch//store/user/ejclemen/HGCal/Stage2Emulator/doublePhoton_PU200/ntuple_53.root
Skipping file due to XRootD error: root://cms-xrd-global.cern.ch//store/user/ejclemen/HGCal/Stage2Emulator/doublePhoton_PU200/ntuple_54.root:l1tHGCalTriggerNtuplizer/HGCalTriggerNtuple
  invalid literal for int() with base 10: b'\x02\x00\x00\x00\x00\x00\x00\x00\x00\x00\x00\x00-99700918383017940 442807067 48 1781270561 1781270561 1781270556 0664 xrootd xrootd\x00'
Skipping file due to XRootD error: root://cms-xrd-global.cern.ch//store/user/ejclemen/HGCal/Stage2Emulator/doublePhoton_PU200/ntuple_55.root:l1tHGCalTriggerNtuplizer/HGCalTriggerNtuple
  XRootD error: [ERROR] Invalid response
in file root://cms-xrd-global.cern.ch//store/user/ejclemen/HGCal/Stage2Emulator/doublePhoton_PU200/ntuple_55.root
Skipping file due to XRootD error: root://cms-xrd-global.cern.ch//store/user/ejclemen/HGCal/Stage2Emulator/doublePhoton_PU200/ntuple_56.root:l1tHGCalTriggerNtuplizer/HGCalTriggerNtuple
  invalid literal for int() with base 10: b'\x03\x00\x00\x00\x00\x00\x00\x00\x00\x00\x00\x00-99713841939611604 439978571 48 1781259102 1781259102 1781259097 0664 xrootd xrootd\x00'
Skipping file due to XRootD error: root://cms-xrd-global.cern.ch//store/user/ejclemen/HGCal/Stage2Emulator/doublePhoton_PU200/ntuple_57.root:l1tHGCalTriggerNtuplizer/HGCalTriggerNtuple
  XRootD error: [ERROR] Invalid response
in file root://cms-xrd-global.cern.ch//store/user/ejclemen/HGCal/Stage2Emulator/doublePhoton_PU200/ntuple_57.root
Skipping file due to XRootD error: root://cms-xrd-global.cern.ch//store/user/ejclemen/HGCal/Stage2Emulator/doublePhoton_PU200/ntuple_58.root:l1tHGCalTriggerNtuplizer/HGCalTriggerNtuple
  invalid literal for int() with base 10: b'\x04\x00\x00\x00\x00\x00\x00\x00\x00\x00\x00\x00-99701906225496020 442156980 48 1781269525 1781269525 1781269517 0664 xrootd xrootd\x00'
Skipping file due to XRootD error: root://cms-xrd-global.cern.ch//store/user/ejclemen/HGCal/Stage2Emulator/doublePhoton_PU200/ntuple_59.root:l1tHGCalTriggerNtuplizer/HGCalTriggerNtuple
  XRootD error: [ERROR] Invalid response
in file root://cms-xrd-global.cern.ch//store/user/ejclemen/HGCal/Stage2Emulator/doublePhoton_PU200/ntuple_59.root
Skipping file due to XRootD error: root://cms-xrd-global.cern.ch//store/user/ejclemen/HGCal/Stage2Emulator/doublePhoton_PU200/ntuple_60.root:l1tHGCalTriggerNtuplizer/HGCalTriggerNtuple
  invalid literal for int() with base 10: b'\x05\x00\x00\x00\x00\x00\x00\x00\x00\x00\x00\x00-99712428895371220 440762572 48 1781260304 1781260304 1781260301 0664 xrootd xrootd\x00'
Skipping file due to XRootD error: root://cms-xrd-global.cern.ch//store/user/ejclemen/HGCal/Stage2Emulator/doublePhoton_PU200/ntuple_61.root:l1tHGCalTriggerNtuplizer/HGCalTriggerNtuple
  XRootD error: [ERROR] Invalid response
in file root://cms-xrd-global.cern.ch//store/user/ejclemen/HGCal/Stage2Emulator/doublePhoton_PU200/ntuple_61.root
Skipping file due to XRootD error: root://cms-xrd-global.cern.ch//store/user/ejclemen/HGCal/Stage2Emulator/doublePhoton_PU200/ntuple_62.root:l1tHGCalTriggerNtuplizer/HGCalTriggerNtuple
  invalid literal for int() with base 10: b'\x06\x00\x00\x00\x00\x00\x00\x00\x00\x00\x00\x00-99707695841411028 406847488 48 1781263354 1781263354 1781263346 0664 xrootd xrootd\x00'
Skipping file due to XRootD error: root://cms-xrd-global.cern.ch//store/user/ejclemen/HGCal/Stage2Emulator/doublePhoton_PU200/ntuple_63.root:l1tHGCalTriggerNtuplizer/HGCalTriggerNtuple
  XRootD error: [ERROR] Invalid response
in file root://cms-xrd-global.cern.ch//store/user/ejclemen/HGCal/Stage2Emulator/doublePhoton_PU200/ntuple_63.root
Skipping file due to XRootD error: root://cms-xrd-global.cern.ch//store/user/ejclemen/HGCal/Stage2Emulator/doublePhoton_PU200/ntuple_64.root:l1tHGCalTriggerNtuplizer/HGCalTriggerNtuple
  invalid literal for int() with base 10: b'\x07\x00\x00\x00\x00\x00\x00\x00\x00\x00\x00\x00-99705668616847316 441983754 48 1781268534 1781268534 1781268528 0664 xrootd xrootd\x00'
Skipping file due to XRootD error: root://cms-xrd-global.cern.ch//store/user/ejclemen/HGCal/Stage2Emulator/doublePhoton_PU200/ntuple_65.root:l1tHGCalTriggerNtuplizer/HGCalTriggerNtuple
  XRootD error: [ERROR] Invalid response
in file root://cms-xrd-global.cern.ch//store/user/ejclemen/HGCal/Stage2Emulator/doublePhoton_PU200/ntuple_65.root
Skipping file due to XRootD error: root://cms-xrd-global.cern.ch//store/user/ejclemen/HGCal/Stage2Emulator/doublePhoton_PU200/ntuple_66.root:l1tHGCalTriggerNtuplizer/HGCalTriggerNtuple
  invalid literal for int() with base 10: b'\x08\x00\x00\x00\x00\x00\x00\x00\x00\x00\x00\x00-99708352971407316 440539112 48 1781262388 1781262388 1781262382 0664 xrootd xrootd\x00'
Skipping file due to XRootD error: root://cms-xrd-global.cern.ch//store/user/ejclemen/HGCal/Stage2Emulator/doublePhoton_PU200/ntuple_67.root:l1tHGCalTriggerNtuplizer/HGCalTriggerNtuple
  XRootD error: [ERROR] Operation expired
in file root://cms-xrd-global.cern.ch//store/user/ejclemen/HGCal/Stage2Emulator/doublePhoton_PU200/ntuple_67.root
Skipping file due to XRootD error: root://cms-xrd-global.cern.ch//store/user/ejclemen/HGCal/Stage2Emulator/doublePhoton_PU200/ntuple_68.root:l1tHGCalTriggerNtuplizer/HGCalTriggerNtuple
  XRootD error: [ERROR] Operation expired
in file root://cms-xrd-global.cern.ch//store/user/ejclemen/HGCal/Stage2Emulator/doublePhoton_PU200/ntuple_68.root
Skipping file due to XRootD error: root://cms-xrd-global.cern.ch//store/user/ejclemen/HGCal/Stage2Emulator/doublePhoton_PU200/ntuple_69.root:l1tHGCalTriggerNtuplizer/HGCalTriggerNtuple
  XRootD error: [ERROR] Operation expired
in file root://cms-xrd-global.cern.ch//store/user/ejclemen/HGCal/Stage2Emulator/doublePhoton_PU200/ntuple_69.root
Skipping file due to XRootD error: root://cms-xrd-global.cern.ch//store/user/ejclemen/HGCal/Stage2Emulator/doublePhoton_PU200/ntuple_70.root:l1tHGCalTriggerNtuplizer/HGCalTriggerNtuple
  XRootD error: [ERROR] Operation expired
in file root://cms-xrd-global.cern.ch//store/user/ejclemen/HGCal/Stage2Emulator/doublePhoton_PU200/ntuple_70.root
Skipping file due to XRootD error: root://cms-xrd-global.cern.ch//store/user/ejclemen/HGCal/Stage2Emulator/doublePhoton_PU200/ntuple_71.root:l1tHGCalTriggerNtuplizer/HGCalTriggerNtuple
  XRootD error: [ERROR] Operation expired
in file root://cms-xrd-global.cern.ch//store/user/ejclemen/HGCal/Stage2Emulator/doublePhoton_PU200/ntuple_71.root
Skipping file due to XRootD error: root://cms-xrd-global.cern.ch//store/user/ejclemen/HGCal/Stage2Emulator/doublePhoton_PU200/ntuple_72.root:l1tHGCalTriggerNtuplizer/HGCalTriggerNtuple
  XRootD error: [ERROR] Operation expired
in file root://cms-xrd-global.cern.ch//store/user/ejclemen/HGCal/Stage2Emulator/doublePhoton_PU200/ntuple_72.root
Skipping file due to XRootD error: root://cms-xrd-global.cern.ch//store/user/ejclemen/HGCal/Stage2Emulator/doublePhoton_PU200/ntuple_73.root:l1tHGCalTriggerNtuplizer/HGCalTriggerNtuple
  XRootD error: [ERROR] Operation expired
in file root://cms-xrd-global.cern.ch//store/user/ejclemen/HGCal/Stage2Emulator/doublePhoton_PU200/ntuple_73.root
Skipping file due to XRootD error: root://cms-xrd-global.cern.ch//store/user/ejclemen/HGCal/Stage2Emulator/doublePhoton_PU200/ntuple_74.root:l1tHGCalTriggerNtuplizer/HGCalTriggerNtuple
  XRootD error: [ERROR] Operation expired
in file root://cms-xrd-global.cern.ch//store/user/ejclemen/HGCal/Stage2Emulator/doublePhoton_PU200/ntuple_74.root
Skipping file due to XRootD error: root://cms-xrd-global.cern.ch//store/user/ejclemen/HGCal/Stage2Emulator/doublePhoton_PU200/ntuple_75.root:l1tHGCalTriggerNtuplizer/HGCalTriggerNtuple
  XRootD error: [ERROR] Operation expired
in file root://cms-xrd-global.cern.ch//store/user/ejclemen/HGCal/Stage2Emulator/doublePhoton_PU200/ntuple_75.root
Skipping file due to XRootD error: root://cms-xrd-global.cern.ch//store/user/ejclemen/HGCal/Stage2Emulator/doublePhoton_PU200/ntuple_76.root:l1tHGCalTriggerNtuplizer/HGCalTriggerNtuple
  XRootD error: [ERROR] Operation expired
in file root://cms-xrd-global.cern.ch//store/user/ejclemen/HGCal/Stage2Emulator/doublePhoton_PU200/ntuple_76.root
Skipping file due to XRootD error: root://cms-xrd-global.cern.ch//store/user/ejclemen/HGCal/Stage2Emulator/doublePhoton_PU200/ntuple_77.root:l1tHGCalTriggerNtuplizer/HGCalTriggerNtuple
  XRootD error: [ERROR] Operation expired
in file root://cms-xrd-global.cern.ch//store/user/ejclemen/HGCal/Stage2Emulator/doublePhoton_PU200/ntuple_77.root
Skipping file due to XRootD error: root://cms-xrd-global.cern.ch//store/user/ejclemen/HGCal/Stage2Emulator/doublePhoton_PU200/ntuple_78.root:l1tHGCalTriggerNtuplizer/HGCalTriggerNtuple
  XRootD error: [ERROR] Operation expired
in file root://cms-xrd-global.cern.ch//store/user/ejclemen/HGCal/Stage2Emulator/doublePhoton_PU200/ntuple_78.root
Skipping file due to XRootD error: root://cms-xrd-global.cern.ch//store/user/ejclemen/HGCal/Stage2Emulator/doublePhoton_PU200/ntuple_79.root:l1tHGCalTriggerNtuplizer/HGCalTriggerNtuple
  XRootD error: [ERROR] Operation expired
in file root://cms-xrd-global.cern.ch//store/user/ejclemen/HGCal/Stage2Emulator/doublePhoton_PU200/ntuple_79.root
Skipping file due to XRootD error: root://cms-xrd-global.cern.ch//store/user/ejclemen/HGCal/Stage2Emulator/doublePhoton_PU200/ntuple_80.root:l1tHGCalTriggerNtuplizer/HGCalTriggerNtuple
  XRootD error: [ERROR] Operation expired
in file root://cms-xrd-global.cern.ch//store/user/ejclemen/HGCal/Stage2Emulator/doublePhoton_PU200/ntuple_80.root
Skipping file due to XRootD error: root://cms-xrd-global.cern.ch//store/user/ejclemen/HGCal/Stage2Emulator/doublePhoton_PU200/ntuple_81.root:l1tHGCalTriggerNtuplizer/HGCalTriggerNtuple
  XRootD error: [ERROR] Operation expired
in file root://cms-xrd-global.cern.ch//store/user/ejclemen/HGCal/Stage2Emulator/doublePhoton_PU200/ntuple_81.root
Skipping file due to XRootD error: root://cms-xrd-global.cern.ch//store/user/ejclemen/HGCal/Stage2Emulator/doublePhoton_PU200/ntuple_82.root:l1tHGCalTriggerNtuplizer/HGCalTriggerNtuple
  XRootD error: [ERROR] Operation expired
in file root://cms-xrd-global.cern.ch//store/user/ejclemen/HGCal/Stage2Emulator/doublePhoton_PU200/ntuple_82.root
Skipping file due to XRootD error: root://cms-xrd-global.cern.ch//store/user/ejclemen/HGCal/Stage2Emulator/doublePhoton_PU200/ntuple_83.root:l1tHGCalTriggerNtuplizer/HGCalTriggerNtuple
  XRootD error: [ERROR] Operation expired
in file root://cms-xrd-global.cern.ch//store/user/ejclemen/HGCal/Stage2Emulator/doublePhoton_PU200/ntuple_83.root
Skipping file due to XRootD error: root://cms-xrd-global.cern.ch//store/user/ejclemen/HGCal/Stage2Emulator/doublePhoton_PU200/ntuple_84.root:l1tHGCalTriggerNtuplizer/HGCalTriggerNtuple
  XRootD error: [ERROR] Operation expired
in file root://cms-xrd-global.cern.ch//store/user/ejclemen/HGCal/Stage2Emulator/doublePhoton_PU200/ntuple_84.root
Skipping file due to XRootD error: root://cms-xrd-global.cern.ch//store/user/ejclemen/HGCal/Stage2Emulator/doublePhoton_PU200/ntuple_85.root:l1tHGCalTriggerNtuplizer/HGCalTriggerNtuple
  XRootD error: [ERROR] Operation expired
in file root://cms-xrd-global.cern.ch//store/user/ejclemen/HGCal/Stage2Emulator/doublePhoton_PU200/ntuple_85.root
Skipping file due to XRootD error: root://cms-xrd-global.cern.ch//store/user/ejclemen/HGCal/Stage2Emulator/doublePhoton_PU200/ntuple_86.root:l1tHGCalTriggerNtuplizer/HGCalTriggerNtuple
  XRootD error: [ERROR] Operation expired
in file root://cms-xrd-global.cern.ch//store/user/ejclemen/HGCal/Stage2Emulator/doublePhoton_PU200/ntuple_86.root
Skipping file due to XRootD error: root://cms-xrd-global.cern.ch//store/user/ejclemen/HGCal/Stage2Emulator/doublePhoton_PU200/ntuple_87.root:l1tHGCalTriggerNtuplizer/HGCalTriggerNtuple
  XRootD error: [ERROR] Operation expired
in file root://cms-xrd-global.cern.ch//store/user/ejclemen/HGCal/Stage2Emulator/doublePhoton_PU200/ntuple_87.root
Skipping file due to XRootD error: root://cms-xrd-global.cern.ch//store/user/ejclemen/HGCal/Stage2Emulator/doublePhoton_PU200/ntuple_88.root:l1tHGCalTriggerNtuplizer/HGCalTriggerNtuple
  XRootD error: [ERROR] Operation expired
in file root://cms-xrd-global.cern.ch//store/user/ejclemen/HGCal/Stage2Emulator/doublePhoton_PU200/ntuple_88.root
Skipping file due to XRootD error: root://cms-xrd-global.cern.ch//store/user/ejclemen/HGCal/Stage2Emulator/doublePhoton_PU200/ntuple_89.root:l1tHGCalTriggerNtuplizer/HGCalTriggerNtuple
  XRootD error: [ERROR] Operation expired
in file root://cms-xrd-global.cern.ch//store/user/ejclemen/HGCal/Stage2Emulator/doublePhoton_PU200/ntuple_89.root
Skipping file due to XRootD error: root://cms-xrd-global.cern.ch//store/user/ejclemen/HGCal/Stage2Emulator/doublePhoton_PU200/ntuple_90.root:l1tHGCalTriggerNtuplizer/HGCalTriggerNtuple
  XRootD error: [ERROR] Operation expired
in file root://cms-xrd-global.cern.ch//store/user/ejclemen/HGCal/Stage2Emulator/doublePhoton_PU200/ntuple_90.root
Skipping file due to XRootD error: root://cms-xrd-global.cern.ch//store/user/ejclemen/HGCal/Stage2Emulator/doublePhoton_PU200/ntuple_91.root:l1tHGCalTriggerNtuplizer/HGCalTriggerNtuple
  XRootD error: [ERROR] Operation expired
in file root://cms-xrd-global.cern.ch//store/user/ejclemen/HGCal/Stage2Emulator/doublePhoton_PU200/ntuple_91.root
Skipping file due to XRootD error: root://cms-xrd-global.cern.ch//store/user/ejclemen/HGCal/Stage2Emulator/doublePhoton_PU200/ntuple_92.root:l1tHGCalTriggerNtuplizer/HGCalTriggerNtuple
  XRootD error: [ERROR] Operation expired
in file root://cms-xrd-global.cern.ch//store/user/ejclemen/HGCal/Stage2Emulator/doublePhoton_PU200/ntuple_92.root
Skipping file due to XRootD error: root://cms-xrd-global.cern.ch//store/user/ejclemen/HGCal/Stage2Emulator/doublePhoton_PU200/ntuple_93.root:l1tHGCalTriggerNtuplizer/HGCalTriggerNtuple
  XRootD error: [ERROR] Operation expired
in file root://cms-xrd-global.cern.ch//store/user/ejclemen/HGCal/Stage2Emulator/doublePhoton_PU200/ntuple_93.root
Skipping file due to XRootD error: root://cms-xrd-global.cern.ch//store/user/ejclemen/HGCal/Stage2Emulator/doublePhoton_PU200/ntuple_94.root:l1tHGCalTriggerNtuplizer/HGCalTriggerNtuple
  XRootD error: [ERROR] Operation expired
in file root://cms-xrd-global.cern.ch//store/user/ejclemen/HGCal/Stage2Emulator/doublePhoton_PU200/ntuple_94.root
Skipping file due to XRootD error: root://cms-xrd-global.cern.ch//store/user/ejclemen/HGCal/Stage2Emulator/doublePhoton_PU200/ntuple_95.root:l1tHGCalTriggerNtuplizer/HGCalTriggerNtuple
  XRootD error: [ERROR] Operation expired
in file root://cms-xrd-global.cern.ch//store/user/ejclemen/HGCal/Stage2Emulator/doublePhoton_PU200/ntuple_95.root
Skipping file due to XRootD error: root://cms-xrd-global.cern.ch//store/user/ejclemen/HGCal/Stage2Emulator/doublePhoton_PU200/ntuple_96.root:l1tHGCalTriggerNtuplizer/HGCalTriggerNtuple
  XRootD error: [ERROR] Operation expired
in file root://cms-xrd-global.cern.ch//store/user/ejclemen/HGCal/Stage2Emulator/doublePhoton_PU200/ntuple_96.root
Number of events: 13289
Saved chunk 0 to /data_CMS/cms/amella/HGCAL_samples/parquet_files_0p02//Photon_PU200_new_branch/single_jobs/
Saved chunk 0 to /data_CMS/cms/amella/HGCAL_samples/parquet_files_0p02//Photon_PU200_new_branch/single_jobs/
Saved chunk 0 to /data_CMS/cms/amella/HGCAL_samples/parquet_files_0p02//Photon_PU200_new_branch/single_jobs/
Saved chunk 0 to /data_CMS/cms/amella/HGCAL_samples/parquet_files_0p02//Photon_PU200_new_branch/single_jobs/
Saved chunk 0 to /data_CMS/cms/amella/HGCAL_samples/parquet_files_0p02//Photon_PU200_new_branch/single_jobs/
Saved chunk 0 to /data_CMS/cms/amella/HGCAL_samples/parquet_files_0p02//Photon_PU200_new_branch/single_jobs/
Saved chunk 0 to /data_CMS/cms/amella/HGCAL_samples/parquet_files_0p02//Photon_PU200_new_branch/single_jobs/
Saved chunk 0 to /data_CMS/cms/amella/HGCAL_samples/parquet_files_0p02//Photon_PU200_new_branch/single_jobs/
