000 (808577.020.000) 2026-06-17 18:26:54 Job submitted from host: <134.158.133.27:9618?addrs=134.158.133.27-9618&alias=llrt3condor.in2p3.fr&noUDP&sock=schedd_775_29fc>
...
040 (808577.020.000) 2026-06-17 18:26:56 Started transferring input files
	Transferring to host: <134.158.132.159:9618?addrs=134.158.132.159-9618&alias=llrgrwn072.in2p3.fr&noUDP&sock=slot1_1_1610_23fb_1766>
...
040 (808577.020.000) 2026-06-17 18:26:57 Finished transferring input files
...
001 (808577.020.000) 2026-06-17 18:26:57 Job executing on host: <134.158.132.159:9618?addrs=134.158.132.159-9618&alias=llrgrwn072.in2p3.fr&noUDP&sock=startd_1494_5694>
	SlotName: slot1_1@llrgrwn072.in2p3.fr
	CondorScratchDir = "/var/lib/condor/execute/dir_2522077"
	Cpus = 1
	Disk = 2048
	GPUs = 0
	Memory = 8192
...
006 (808577.020.000) 2026-06-17 18:27:06 Image size of job updated: 55208
	54  -  MemoryUsage of job (MB)
	55208  -  ResidentSetSize of job (KB)
...
006 (808577.020.000) 2026-06-17 18:28:27 Image size of job updated: 256752
	54  -  MemoryUsage of job (MB)
	55208  -  ResidentSetSize of job (KB)
...
040 (808577.020.000) 2026-06-17 18:28:27 Started transferring output files
...
040 (808577.020.000) 2026-06-17 18:28:27 Finished transferring output files
...
005 (808577.020.000) 2026-06-17 18:28:27 Job terminated.
	(1) Normal termination (return value 1)
		Usr 0 00:00:07, Sys 0 00:00:00  -  Run Remote Usage
		Usr 0 00:00:00, Sys 0 00:00:00  -  Run Local Usage
		Usr 0 00:00:07, Sys 0 00:00:00  -  Total Remote Usage
		Usr 0 00:00:00, Sys 0 00:00:00  -  Total Local Usage
	3364  -  Run Bytes Sent By Job
	164197  -  Run Bytes Received By Job
	3364  -  Total Bytes Sent By Job
	164197  -  Total Bytes Received By Job
	Partitionable Resources :    Usage  Request Allocated 
	   Cpus                 :     0.00        1         1 
	   Disk (KB)            :   181         175      2048 
	   GPUs                 :                           0 
	   Memory (MB)          :    54        8192      8192 
	   TimeExecute (s)      :    90                       
	   TimeSlotBusy (s)     :    91                       

	Job terminated of its own accord at 2026-06-17T16:28:27Z with exit-code 1.
...
000 (808578.020.000) 2026-06-17 18:36:58 Job submitted from host: <134.158.133.27:9618?addrs=134.158.133.27-9618&alias=llrt3condor.in2p3.fr&noUDP&sock=schedd_775_29fc>
...
040 (808578.020.000) 2026-06-17 18:37:17 Started transferring input files
	Transferring to host: <134.158.132.159:9618?addrs=134.158.132.159-9618&alias=llrgrwn072.in2p3.fr&noUDP&sock=slot1_1_1610_23fb_1767>
...
040 (808578.020.000) 2026-06-17 18:37:18 Finished transferring input files
...
001 (808578.020.000) 2026-06-17 18:37:19 Job executing on host: <134.158.132.159:9618?addrs=134.158.132.159-9618&alias=llrgrwn072.in2p3.fr&noUDP&sock=startd_1494_5694>
	SlotName: slot1_1@llrgrwn072.in2p3.fr
	CondorScratchDir = "/var/lib/condor/execute/dir_2523404"
	Cpus = 1
	Disk = 2048
	GPUs = 0
	Memory = 8192
...
006 (808578.020.000) 2026-06-17 18:37:27 Image size of job updated: 41164
	41  -  MemoryUsage of job (MB)
	41164  -  ResidentSetSize of job (KB)
...
006 (808578.020.000) 2026-06-17 18:40:18 Image size of job updated: 292088
	41  -  MemoryUsage of job (MB)
	41180  -  ResidentSetSize of job (KB)
...
040 (808578.020.000) 2026-06-17 18:40:18 Started transferring output files
...
040 (808578.020.000) 2026-06-17 18:40:18 Finished transferring output files
...
005 (808578.020.000) 2026-06-17 18:40:19 Job terminated.
	(1) Normal termination (return value 1)
		Usr 0 00:00:07, Sys 0 00:00:00  -  Run Remote Usage
		Usr 0 00:00:00, Sys 0 00:00:00  -  Run Local Usage
		Usr 0 00:00:07, Sys 0 00:00:00  -  Total Remote Usage
		Usr 0 00:00:00, Sys 0 00:00:00  -  Total Local Usage
	38436  -  Run Bytes Sent By Job
	164550  -  Run Bytes Received By Job
	38436  -  Total Bytes Sent By Job
	164550  -  Total Bytes Received By Job
	Partitionable Resources :    Usage  Request Allocated 
	   Cpus                 :     0.18        1         1 
	   Disk (KB)            :   215         175      2048 
	   GPUs                 :                           0 
	   Memory (MB)          :    41        8192      8192 
	   TimeExecute (s)      :   180                       
	   TimeSlotBusy (s)     :   181                       

	Job terminated of its own accord at 2026-06-17T16:40:18Z with exit-code 1.
...
000 (808579.020.000) 2026-06-17 18:43:37 Job submitted from host: <134.158.133.27:9618?addrs=134.158.133.27-9618&alias=llrt3condor.in2p3.fr&noUDP&sock=schedd_775_29fc>
...
040 (808579.020.000) 2026-06-17 18:43:44 Started transferring input files
	Transferring to host: <134.158.132.159:9618?addrs=134.158.132.159-9618&alias=llrgrwn072.in2p3.fr&noUDP&sock=slot1_1_1610_23fb_1768>
...
040 (808579.020.000) 2026-06-17 18:43:44 Finished transferring input files
...
001 (808579.020.000) 2026-06-17 18:43:45 Job executing on host: <134.158.132.159:9618?addrs=134.158.132.159-9618&alias=llrgrwn072.in2p3.fr&noUDP&sock=startd_1494_5694>
	SlotName: slot1_1@llrgrwn072.in2p3.fr
	CondorScratchDir = "/var/lib/condor/execute/dir_2524539"
	Cpus = 1
	Disk = 2048
	GPUs = 0
	Memory = 8192
...
006 (808579.020.000) 2026-06-17 18:43:54 Image size of job updated: 55700
	55  -  MemoryUsage of job (MB)
	55700  -  ResidentSetSize of job (KB)
...
006 (808579.020.000) 2026-06-17 18:48:55 Image size of job updated: 1297604
	1268  -  MemoryUsage of job (MB)
	1297604  -  ResidentSetSize of job (KB)
...
006 (808579.020.000) 2026-06-17 18:53:56 Image size of job updated: 2616044
	2555  -  MemoryUsage of job (MB)
	2616044  -  ResidentSetSize of job (KB)
...
006 (808579.020.000) 2026-06-17 18:58:56 Image size of job updated: 3799780
	3711  -  MemoryUsage of job (MB)
	3799780  -  ResidentSetSize of job (KB)
...
006 (808579.020.000) 2026-06-17 19:03:57 Image size of job updated: 4866460
	4753  -  MemoryUsage of job (MB)
	4866460  -  ResidentSetSize of job (KB)
...
006 (808579.020.000) 2026-06-17 19:08:58 Image size of job updated: 5596700
	5466  -  MemoryUsage of job (MB)
	5596700  -  ResidentSetSize of job (KB)
...
006 (808579.020.000) 2026-06-17 19:24:00 Image size of job updated: 5605536
	5475  -  MemoryUsage of job (MB)
	5605536  -  ResidentSetSize of job (KB)
...
006 (808579.020.000) 2026-06-17 19:29:00 Image size of job updated: 6746824
	6589  -  MemoryUsage of job (MB)
	6746824  -  ResidentSetSize of job (KB)
...
006 (808579.020.000) 2026-06-17 19:34:00 Image size of job updated: 7983168
	7797  -  MemoryUsage of job (MB)
	7983168  -  ResidentSetSize of job (KB)
...
006 (808579.020.000) 2026-06-17 19:39:01 Image size of job updated: 9138036
	8924  -  MemoryUsage of job (MB)
	9138036  -  ResidentSetSize of job (KB)
...
006 (808579.020.000) 2026-06-17 19:43:11 Image size of job updated: 15843796
	8924  -  MemoryUsage of job (MB)
	9138036  -  ResidentSetSize of job (KB)
...
040 (808579.020.000) 2026-06-17 19:43:11 Started transferring output files
...
040 (808579.020.000) 2026-06-17 19:43:11 Finished transferring output files
...
005 (808579.020.000) 2026-06-17 19:43:11 Job terminated.
	(1) Normal termination (return value 0)
		Usr 0 00:03:12, Sys 0 00:00:16  -  Run Remote Usage
		Usr 0 00:00:00, Sys 0 00:00:00  -  Run Local Usage
		Usr 0 00:03:12, Sys 0 00:00:16  -  Total Remote Usage
		Usr 0 00:00:00, Sys 0 00:00:00  -  Total Local Usage
	18503  -  Run Bytes Sent By Job
	165222  -  Run Bytes Received By Job
	18503  -  Total Bytes Sent By Job
	165222  -  Total Bytes Received By Job
	Partitionable Resources :    Usage  Request Allocated 
	   Cpus                 :     0.00        1         1 
	   Disk (KB)            :   196         175      2048 
	   GPUs                 :                           0 
	   Memory (MB)          :  8924        8192      8192 
	   TimeExecute (s)      :  3566                       
	   TimeSlotBusy (s)     :  3568                       

	Job terminated of its own accord at 2026-06-17T17:43:11Z with exit-code 0.
...
000 (808582.020.000) 2026-06-18 10:44:56 Job submitted from host: <134.158.133.27:9618?addrs=134.158.133.27-9618&alias=llrt3condor.in2p3.fr&noUDP&sock=schedd_775_29fc>
...
040 (808582.020.000) 2026-06-18 10:45:07 Started transferring input files
	Transferring to host: <134.158.132.119:9618?addrs=134.158.132.119-9618&alias=llrgrwn079.in2p3.fr&noUDP&sock=slot1_1_1482_f3f5_2977>
...
040 (808582.020.000) 2026-06-18 10:45:08 Finished transferring input files
...
001 (808582.020.000) 2026-06-18 10:45:08 Job executing on host: <134.158.132.119:9618?addrs=134.158.132.119-9618&alias=llrgrwn079.in2p3.fr&noUDP&sock=startd_1430_7085>
	SlotName: slot1_1@llrgrwn079.in2p3.fr
	CondorScratchDir = "/var/lib/condor/execute/dir_1101680"
	Cpus = 1
	Disk = 2048
	GPUs = 0
	Memory = 8192
...
006 (808582.020.000) 2026-06-18 10:45:17 Image size of job updated: 55708
	55  -  MemoryUsage of job (MB)
	55708  -  ResidentSetSize of job (KB)
...
006 (808582.020.000) 2026-06-18 10:50:18 Image size of job updated: 2177224
	2127  -  MemoryUsage of job (MB)
	2177224  -  ResidentSetSize of job (KB)
...
006 (808582.020.000) 2026-06-18 10:55:18 Image size of job updated: 4716764
	4607  -  MemoryUsage of job (MB)
	4716764  -  ResidentSetSize of job (KB)
...
006 (808582.020.000) 2026-06-18 11:00:18 Image size of job updated: 6616648
	6462  -  MemoryUsage of job (MB)
	6616648  -  ResidentSetSize of job (KB)
...
006 (808582.020.000) 2026-06-18 11:05:19 Image size of job updated: 6647872
	6493  -  MemoryUsage of job (MB)
	6647872  -  ResidentSetSize of job (KB)
...
006 (808582.020.000) 2026-06-18 11:10:20 Image size of job updated: 6647884
	6493  -  MemoryUsage of job (MB)
	6647884  -  ResidentSetSize of job (KB)
...
006 (808582.020.000) 2026-06-18 11:15:20 Image size of job updated: 6647916
	6493  -  MemoryUsage of job (MB)
	6647916  -  ResidentSetSize of job (KB)
...
006 (808582.020.000) 2026-06-18 11:16:11 Image size of job updated: 10157156
	6493  -  MemoryUsage of job (MB)
	6647916  -  ResidentSetSize of job (KB)
...
040 (808582.020.000) 2026-06-18 11:16:11 Started transferring output files
...
040 (808582.020.000) 2026-06-18 11:16:12 Finished transferring output files
...
005 (808582.020.000) 2026-06-18 11:16:12 Job terminated.
	(1) Normal termination (return value 0)
		Usr 0 00:01:55, Sys 0 00:00:10  -  Run Remote Usage
		Usr 0 00:00:00, Sys 0 00:00:00  -  Run Local Usage
		Usr 0 00:01:55, Sys 0 00:00:10  -  Total Remote Usage
		Usr 0 00:00:00, Sys 0 00:00:00  -  Total Local Usage
	24780  -  Run Bytes Sent By Job
	165532  -  Run Bytes Received By Job
	24780  -  Total Bytes Sent By Job
	165532  -  Total Bytes Received By Job
	Partitionable Resources :    Usage  Request Allocated 
	   Cpus                 :        0        1         1 
	   Disk (KB)            :      203      175      2048 
	   GPUs                 :                           0 
	   Memory (MB)          :     6493     8192      8192 
	   TimeExecute (s)      :     1863                    
	   TimeSlotBusy (s)     :     1864                    

	Job terminated of its own accord at 2026-06-18T09:16:11Z with exit-code 0.
...
