Running: python3 scripts.load_data -n 9999999 --particles Photon --pileup PU200 --job_id 7 --n_jobs 10 --n_files 976
root://cms-xrd-global.cern.ch//store/user/ejclemen/HGCal/Stage2Emulator/double
--- Job 7/10 starting: Processing 97 files ---
Skipping file due to XRootD error: root://cms-xrd-global.cern.ch//store/user/ejclemen/HGCal/Stage2Emulator/doublePhoton_PU200/ntuple_683.root:l1tHGCalTriggerNtuplizer/HGCalTriggerNtuple
  XRootD error: [ERROR] Operation expired
in file root://cms-xrd-global.cern.ch//store/user/ejclemen/HGCal/Stage2Emulator/doublePhoton_PU200/ntuple_683.root
Skipping file due to XRootD error: root://cms-xrd-global.cern.ch//store/user/ejclemen/HGCal/Stage2Emulator/doublePhoton_PU200/ntuple_684.root:l1tHGCalTriggerNtuplizer/HGCalTriggerNtuple
  XRootD error: [ERROR] Operation expired
in file root://cms-xrd-global.cern.ch//store/user/ejclemen/HGCal/Stage2Emulator/doublePhoton_PU200/ntuple_684.root
Skipping file due to XRootD error: root://cms-xrd-global.cern.ch//store/user/ejclemen/HGCal/Stage2Emulator/doublePhoton_PU200/ntuple_689.root:l1tHGCalTriggerNtuplizer/HGCalTriggerNtuple
  XRootD error: [ERROR] Operation expired
in file root://cms-xrd-global.cern.ch//store/user/ejclemen/HGCal/Stage2Emulator/doublePhoton_PU200/ntuple_689.root
Skipping file due to XRootD error: root://cms-xrd-global.cern.ch//store/user/ejclemen/HGCal/Stage2Emulator/doublePhoton_PU200/ntuple_723.root:l1tHGCalTriggerNtuplizer/HGCalTriggerNtuple
  XRootD error: [ERROR] Operation expired
in file root://cms-xrd-global.cern.ch//store/user/ejclemen/HGCal/Stage2Emulator/doublePhoton_PU200/ntuple_723.root
Skipping file due to XRootD error: root://cms-xrd-global.cern.ch//store/user/ejclemen/HGCal/Stage2Emulator/doublePhoton_PU200/ntuple_726.root:l1tHGCalTriggerNtuplizer/HGCalTriggerNtuple
  XRootD error: [ERROR] Operation expired
in file root://cms-xrd-global.cern.ch//store/user/ejclemen/HGCal/Stage2Emulator/doublePhoton_PU200/ntuple_726.root
Skipping file due to XRootD error: root://cms-xrd-global.cern.ch//store/user/ejclemen/HGCal/Stage2Emulator/doublePhoton_PU200/ntuple_727.root:l1tHGCalTriggerNtuplizer/HGCalTriggerNtuple
  XRootD error: [ERROR] Operation expired
in file root://cms-xrd-global.cern.ch//store/user/ejclemen/HGCal/Stage2Emulator/doublePhoton_PU200/ntuple_727.root
Skipping file due to XRootD error: root://cms-xrd-global.cern.ch//store/user/ejclemen/HGCal/Stage2Emulator/doublePhoton_PU200/ntuple_728.root:l1tHGCalTriggerNtuplizer/HGCalTriggerNtuple
  XRootD error: [ERROR] Operation expired
in file root://cms-xrd-global.cern.ch//store/user/ejclemen/HGCal/Stage2Emulator/doublePhoton_PU200/ntuple_728.root
Skipping file due to XRootD error: root://cms-xrd-global.cern.ch//store/user/ejclemen/HGCal/Stage2Emulator/doublePhoton_PU200/ntuple_729.root:l1tHGCalTriggerNtuplizer/HGCalTriggerNtuple
  XRootD error: [ERROR] Operation expired
in file root://cms-xrd-global.cern.ch//store/user/ejclemen/HGCal/Stage2Emulator/doublePhoton_PU200/ntuple_729.root
Skipping file due to XRootD error: root://cms-xrd-global.cern.ch//store/user/ejclemen/HGCal/Stage2Emulator/doublePhoton_PU200/ntuple_730.root:l1tHGCalTriggerNtuplizer/HGCalTriggerNtuple
  XRootD error: [ERROR] Operation expired
in file root://cms-xrd-global.cern.ch//store/user/ejclemen/HGCal/Stage2Emulator/doublePhoton_PU200/ntuple_730.root
Skipping file due to XRootD error: root://cms-xrd-global.cern.ch//store/user/ejclemen/HGCal/Stage2Emulator/doublePhoton_PU200/ntuple_731.root:l1tHGCalTriggerNtuplizer/HGCalTriggerNtuple
  XRootD error: [ERROR] Operation expired
in file root://cms-xrd-global.cern.ch//store/user/ejclemen/HGCal/Stage2Emulator/doublePhoton_PU200/ntuple_731.root
Skipping file due to XRootD error: root://cms-xrd-global.cern.ch//store/user/ejclemen/HGCal/Stage2Emulator/doublePhoton_PU200/ntuple_732.root:l1tHGCalTriggerNtuplizer/HGCalTriggerNtuple
  XRootD error: [ERROR] Operation expired
in file root://cms-xrd-global.cern.ch//store/user/ejclemen/HGCal/Stage2Emulator/doublePhoton_PU200/ntuple_732.root
Skipping file due to XRootD error: root://cms-xrd-global.cern.ch//store/user/ejclemen/HGCal/Stage2Emulator/doublePhoton_PU200/ntuple_733.root:l1tHGCalTriggerNtuplizer/HGCalTriggerNtuple
  XRootD error: [ERROR] Operation expired
in file root://cms-xrd-global.cern.ch//store/user/ejclemen/HGCal/Stage2Emulator/doublePhoton_PU200/ntuple_733.root
Skipping file due to XRootD error: root://cms-xrd-global.cern.ch//store/user/ejclemen/HGCal/Stage2Emulator/doublePhoton_PU200/ntuple_734.root:l1tHGCalTriggerNtuplizer/HGCalTriggerNtuple
  XRootD error: [ERROR] Operation expired
in file root://cms-xrd-global.cern.ch//store/user/ejclemen/HGCal/Stage2Emulator/doublePhoton_PU200/ntuple_734.root
Skipping file due to XRootD error: root://cms-xrd-global.cern.ch//store/user/ejclemen/HGCal/Stage2Emulator/doublePhoton_PU200/ntuple_735.root:l1tHGCalTriggerNtuplizer/HGCalTriggerNtuple
  XRootD error: [ERROR] Operation expired
in file root://cms-xrd-global.cern.ch//store/user/ejclemen/HGCal/Stage2Emulator/doublePhoton_PU200/ntuple_735.root
Skipping file due to XRootD error: root://cms-xrd-global.cern.ch//store/user/ejclemen/HGCal/Stage2Emulator/doublePhoton_PU200/ntuple_736.root:l1tHGCalTriggerNtuplizer/HGCalTriggerNtuple
  XRootD error: [ERROR] Operation expired
in file root://cms-xrd-global.cern.ch//store/user/ejclemen/HGCal/Stage2Emulator/doublePhoton_PU200/ntuple_736.root
Skipping file due to XRootD error: root://cms-xrd-global.cern.ch//store/user/ejclemen/HGCal/Stage2Emulator/doublePhoton_PU200/ntuple_737.root:l1tHGCalTriggerNtuplizer/HGCalTriggerNtuple
  XRootD error: [ERROR] Operation expired
in file root://cms-xrd-global.cern.ch//store/user/ejclemen/HGCal/Stage2Emulator/doublePhoton_PU200/ntuple_737.root
Skipping file due to XRootD error: root://cms-xrd-global.cern.ch//store/user/ejclemen/HGCal/Stage2Emulator/doublePhoton_PU200/ntuple_738.root:l1tHGCalTriggerNtuplizer/HGCalTriggerNtuple
  XRootD error: [ERROR] Operation expired
in file root://cms-xrd-global.cern.ch//store/user/ejclemen/HGCal/Stage2Emulator/doublePhoton_PU200/ntuple_738.root
Skipping file due to XRootD error: root://cms-xrd-global.cern.ch//store/user/ejclemen/HGCal/Stage2Emulator/doublePhoton_PU200/ntuple_739.root:l1tHGCalTriggerNtuplizer/HGCalTriggerNtuple
  XRootD error: [ERROR] Operation expired
in file root://cms-xrd-global.cern.ch//store/user/ejclemen/HGCal/Stage2Emulator/doublePhoton_PU200/ntuple_739.root
Skipping file due to XRootD error: root://cms-xrd-global.cern.ch//store/user/ejclemen/HGCal/Stage2Emulator/doublePhoton_PU200/ntuple_740.root:l1tHGCalTriggerNtuplizer/HGCalTriggerNtuple
  XRootD error: [ERROR] Operation expired
in file root://cms-xrd-global.cern.ch//store/user/ejclemen/HGCal/Stage2Emulator/doublePhoton_PU200/ntuple_740.root
Skipping file due to XRootD error: root://cms-xrd-global.cern.ch//store/user/ejclemen/HGCal/Stage2Emulator/doublePhoton_PU200/ntuple_741.root:l1tHGCalTriggerNtuplizer/HGCalTriggerNtuple
  XRootD error: [ERROR] Operation expired
in file root://cms-xrd-global.cern.ch//store/user/ejclemen/HGCal/Stage2Emulator/doublePhoton_PU200/ntuple_741.root
Skipping file due to XRootD error: root://cms-xrd-global.cern.ch//store/user/ejclemen/HGCal/Stage2Emulator/doublePhoton_PU200/ntuple_742.root:l1tHGCalTriggerNtuplizer/HGCalTriggerNtuple
  XRootD error: [ERROR] Operation expired
in file root://cms-xrd-global.cern.ch//store/user/ejclemen/HGCal/Stage2Emulator/doublePhoton_PU200/ntuple_742.root
Skipping file due to XRootD error: root://cms-xrd-global.cern.ch//store/user/ejclemen/HGCal/Stage2Emulator/doublePhoton_PU200/ntuple_743.root:l1tHGCalTriggerNtuplizer/HGCalTriggerNtuple
  XRootD error: [ERROR] Operation expired
in file root://cms-xrd-global.cern.ch//store/user/ejclemen/HGCal/Stage2Emulator/doublePhoton_PU200/ntuple_743.root
Skipping file due to XRootD error: root://cms-xrd-global.cern.ch//store/user/ejclemen/HGCal/Stage2Emulator/doublePhoton_PU200/ntuple_744.root:l1tHGCalTriggerNtuplizer/HGCalTriggerNtuple
  XRootD error: [ERROR] Operation expired
in file root://cms-xrd-global.cern.ch//store/user/ejclemen/HGCal/Stage2Emulator/doublePhoton_PU200/ntuple_744.root
Skipping file due to XRootD error: root://cms-xrd-global.cern.ch//store/user/ejclemen/HGCal/Stage2Emulator/doublePhoton_PU200/ntuple_745.root:l1tHGCalTriggerNtuplizer/HGCalTriggerNtuple
  XRootD error: [ERROR] Operation expired
in file root://cms-xrd-global.cern.ch//store/user/ejclemen/HGCal/Stage2Emulator/doublePhoton_PU200/ntuple_745.root
Skipping file due to XRootD error: root://cms-xrd-global.cern.ch//store/user/ejclemen/HGCal/Stage2Emulator/doublePhoton_PU200/ntuple_746.root:l1tHGCalTriggerNtuplizer/HGCalTriggerNtuple
  XRootD error: [ERROR] Operation expired
in file root://cms-xrd-global.cern.ch//store/user/ejclemen/HGCal/Stage2Emulator/doublePhoton_PU200/ntuple_746.root
Skipping file due to XRootD error: root://cms-xrd-global.cern.ch//store/user/ejclemen/HGCal/Stage2Emulator/doublePhoton_PU200/ntuple_747.root:l1tHGCalTriggerNtuplizer/HGCalTriggerNtuple
  XRootD error: [ERROR] Operation expired
in file root://cms-xrd-global.cern.ch//store/user/ejclemen/HGCal/Stage2Emulator/doublePhoton_PU200/ntuple_747.root
Skipping file due to XRootD error: root://cms-xrd-global.cern.ch//store/user/ejclemen/HGCal/Stage2Emulator/doublePhoton_PU200/ntuple_748.root:l1tHGCalTriggerNtuplizer/HGCalTriggerNtuple
  XRootD error: [ERROR] Operation expired
in file root://cms-xrd-global.cern.ch//store/user/ejclemen/HGCal/Stage2Emulator/doublePhoton_PU200/ntuple_748.root
Skipping file due to XRootD error: root://cms-xrd-global.cern.ch//store/user/ejclemen/HGCal/Stage2Emulator/doublePhoton_PU200/ntuple_749.root:l1tHGCalTriggerNtuplizer/HGCalTriggerNtuple
  XRootD error: [ERROR] Operation expired
in file root://cms-xrd-global.cern.ch//store/user/ejclemen/HGCal/Stage2Emulator/doublePhoton_PU200/ntuple_749.root
Skipping file due to XRootD error: root://cms-xrd-global.cern.ch//store/user/ejclemen/HGCal/Stage2Emulator/doublePhoton_PU200/ntuple_750.root:l1tHGCalTriggerNtuplizer/HGCalTriggerNtuple
  XRootD error: [ERROR] Operation expired
in file root://cms-xrd-global.cern.ch//store/user/ejclemen/HGCal/Stage2Emulator/doublePhoton_PU200/ntuple_750.root
Skipping file due to XRootD error: root://cms-xrd-global.cern.ch//store/user/ejclemen/HGCal/Stage2Emulator/doublePhoton_PU200/ntuple_751.root:l1tHGCalTriggerNtuplizer/HGCalTriggerNtuple
  XRootD error: [ERROR] Operation expired
in file root://cms-xrd-global.cern.ch//store/user/ejclemen/HGCal/Stage2Emulator/doublePhoton_PU200/ntuple_751.root
Skipping file due to XRootD error: root://cms-xrd-global.cern.ch//store/user/ejclemen/HGCal/Stage2Emulator/doublePhoton_PU200/ntuple_752.root:l1tHGCalTriggerNtuplizer/HGCalTriggerNtuple
  XRootD error: [ERROR] Operation expired
in file root://cms-xrd-global.cern.ch//store/user/ejclemen/HGCal/Stage2Emulator/doublePhoton_PU200/ntuple_752.root
Skipping file due to XRootD error: root://cms-xrd-global.cern.ch//store/user/ejclemen/HGCal/Stage2Emulator/doublePhoton_PU200/ntuple_753.root:l1tHGCalTriggerNtuplizer/HGCalTriggerNtuple
  XRootD error: [ERROR] Operation expired
in file root://cms-xrd-global.cern.ch//store/user/ejclemen/HGCal/Stage2Emulator/doublePhoton_PU200/ntuple_753.root
Skipping file due to XRootD error: root://cms-xrd-global.cern.ch//store/user/ejclemen/HGCal/Stage2Emulator/doublePhoton_PU200/ntuple_754.root:l1tHGCalTriggerNtuplizer/HGCalTriggerNtuple
  XRootD error: [ERROR] Operation expired
in file root://cms-xrd-global.cern.ch//store/user/ejclemen/HGCal/Stage2Emulator/doublePhoton_PU200/ntuple_754.root
Skipping file due to XRootD error: root://cms-xrd-global.cern.ch//store/user/ejclemen/HGCal/Stage2Emulator/doublePhoton_PU200/ntuple_755.root:l1tHGCalTriggerNtuplizer/HGCalTriggerNtuple
  XRootD error: [ERROR] Operation expired
in file root://cms-xrd-global.cern.ch//store/user/ejclemen/HGCal/Stage2Emulator/doublePhoton_PU200/ntuple_755.root
Skipping file due to XRootD error: root://cms-xrd-global.cern.ch//store/user/ejclemen/HGCal/Stage2Emulator/doublePhoton_PU200/ntuple_756.root:l1tHGCalTriggerNtuplizer/HGCalTriggerNtuple
  XRootD error: [ERROR] Operation expired
in file root://cms-xrd-global.cern.ch//store/user/ejclemen/HGCal/Stage2Emulator/doublePhoton_PU200/ntuple_756.root
Skipping file due to XRootD error: root://cms-xrd-global.cern.ch//store/user/ejclemen/HGCal/Stage2Emulator/doublePhoton_PU200/ntuple_757.root:l1tHGCalTriggerNtuplizer/HGCalTriggerNtuple
  XRootD error: [ERROR] Operation expired
in file root://cms-xrd-global.cern.ch//store/user/ejclemen/HGCal/Stage2Emulator/doublePhoton_PU200/ntuple_757.root
Skipping file due to XRootD error: root://cms-xrd-global.cern.ch//store/user/ejclemen/HGCal/Stage2Emulator/doublePhoton_PU200/ntuple_758.root:l1tHGCalTriggerNtuplizer/HGCalTriggerNtuple
  XRootD error: [ERROR] Operation expired
in file root://cms-xrd-global.cern.ch//store/user/ejclemen/HGCal/Stage2Emulator/doublePhoton_PU200/ntuple_758.root
Skipping file due to XRootD error: root://cms-xrd-global.cern.ch//store/user/ejclemen/HGCal/Stage2Emulator/doublePhoton_PU200/ntuple_759.root:l1tHGCalTriggerNtuplizer/HGCalTriggerNtuple
  XRootD error: [ERROR] Operation expired
in file root://cms-xrd-global.cern.ch//store/user/ejclemen/HGCal/Stage2Emulator/doublePhoton_PU200/ntuple_759.root
Skipping file due to XRootD error: root://cms-xrd-global.cern.ch//store/user/ejclemen/HGCal/Stage2Emulator/doublePhoton_PU200/ntuple_760.root:l1tHGCalTriggerNtuplizer/HGCalTriggerNtuple
  XRootD error: [ERROR] Operation expired
in file root://cms-xrd-global.cern.ch//store/user/ejclemen/HGCal/Stage2Emulator/doublePhoton_PU200/ntuple_760.root
Skipping file due to XRootD error: root://cms-xrd-global.cern.ch//store/user/ejclemen/HGCal/Stage2Emulator/doublePhoton_PU200/ntuple_766.root:l1tHGCalTriggerNtuplizer/HGCalTriggerNtuple
  XRootD error: [ERROR] Operation expired
in file root://cms-xrd-global.cern.ch//store/user/ejclemen/HGCal/Stage2Emulator/doublePhoton_PU200/ntuple_766.root
Skipping file due to XRootD error: root://cms-xrd-global.cern.ch//store/user/ejclemen/HGCal/Stage2Emulator/doublePhoton_PU200/ntuple_767.root:l1tHGCalTriggerNtuplizer/HGCalTriggerNtuple
  XRootD error: [ERROR] Operation expired
in file root://cms-xrd-global.cern.ch//store/user/ejclemen/HGCal/Stage2Emulator/doublePhoton_PU200/ntuple_767.root
Skipping file due to XRootD error: root://cms-xrd-global.cern.ch//store/user/ejclemen/HGCal/Stage2Emulator/doublePhoton_PU200/ntuple_768.root:l1tHGCalTriggerNtuplizer/HGCalTriggerNtuple
  XRootD error: [ERROR] Operation expired
in file root://cms-xrd-global.cern.ch//store/user/ejclemen/HGCal/Stage2Emulator/doublePhoton_PU200/ntuple_768.root
Skipping file due to XRootD error: root://cms-xrd-global.cern.ch//store/user/ejclemen/HGCal/Stage2Emulator/doublePhoton_PU200/ntuple_769.root:l1tHGCalTriggerNtuplizer/HGCalTriggerNtuple
  XRootD error: [ERROR] Operation expired
in file root://cms-xrd-global.cern.ch//store/user/ejclemen/HGCal/Stage2Emulator/doublePhoton_PU200/ntuple_769.root
Skipping file due to XRootD error: root://cms-xrd-global.cern.ch//store/user/ejclemen/HGCal/Stage2Emulator/doublePhoton_PU200/ntuple_770.root:l1tHGCalTriggerNtuplizer/HGCalTriggerNtuple
  XRootD error: [ERROR] Operation expired
in file root://cms-xrd-global.cern.ch//store/user/ejclemen/HGCal/Stage2Emulator/doublePhoton_PU200/ntuple_770.root
Skipping file due to XRootD error: root://cms-xrd-global.cern.ch//store/user/ejclemen/HGCal/Stage2Emulator/doublePhoton_PU200/ntuple_771.root:l1tHGCalTriggerNtuplizer/HGCalTriggerNtuple
  XRootD error: [ERROR] Operation expired
in file root://cms-xrd-global.cern.ch//store/user/ejclemen/HGCal/Stage2Emulator/doublePhoton_PU200/ntuple_771.root
Skipping file due to XRootD error: root://cms-xrd-global.cern.ch//store/user/ejclemen/HGCal/Stage2Emulator/doublePhoton_PU200/ntuple_772.root:l1tHGCalTriggerNtuplizer/HGCalTriggerNtuple
  XRootD error: [ERROR] Operation expired
in file root://cms-xrd-global.cern.ch//store/user/ejclemen/HGCal/Stage2Emulator/doublePhoton_PU200/ntuple_772.root
Skipping file due to XRootD error: root://cms-xrd-global.cern.ch//store/user/ejclemen/HGCal/Stage2Emulator/doublePhoton_PU200/ntuple_773.root:l1tHGCalTriggerNtuplizer/HGCalTriggerNtuple
  XRootD error: [ERROR] Operation expired
in file root://cms-xrd-global.cern.ch//store/user/ejclemen/HGCal/Stage2Emulator/doublePhoton_PU200/ntuple_773.root
Skipping file due to XRootD error: root://cms-xrd-global.cern.ch//store/user/ejclemen/HGCal/Stage2Emulator/doublePhoton_PU200/ntuple_774.root:l1tHGCalTriggerNtuplizer/HGCalTriggerNtuple
  XRootD error: [ERROR] Operation expired
in file root://cms-xrd-global.cern.ch//store/user/ejclemen/HGCal/Stage2Emulator/doublePhoton_PU200/ntuple_774.root
Skipping file due to XRootD error: root://cms-xrd-global.cern.ch//store/user/ejclemen/HGCal/Stage2Emulator/doublePhoton_PU200/ntuple_775.root:l1tHGCalTriggerNtuplizer/HGCalTriggerNtuple
  XRootD error: [ERROR] Operation expired
in file root://cms-xrd-global.cern.ch//store/user/ejclemen/HGCal/Stage2Emulator/doublePhoton_PU200/ntuple_775.root
Skipping file due to XRootD error: root://cms-xrd-global.cern.ch//store/user/ejclemen/HGCal/Stage2Emulator/doublePhoton_PU200/ntuple_776.root:l1tHGCalTriggerNtuplizer/HGCalTriggerNtuple
  XRootD error: [ERROR] Operation expired
in file root://cms-xrd-global.cern.ch//store/user/ejclemen/HGCal/Stage2Emulator/doublePhoton_PU200/ntuple_776.root
Skipping file due to XRootD error: root://cms-xrd-global.cern.ch//store/user/ejclemen/HGCal/Stage2Emulator/doublePhoton_PU200/ntuple_777.root:l1tHGCalTriggerNtuplizer/HGCalTriggerNtuple
  XRootD error: [ERROR] Operation expired
in file root://cms-xrd-global.cern.ch//store/user/ejclemen/HGCal/Stage2Emulator/doublePhoton_PU200/ntuple_777.root
Skipping file due to XRootD error: root://cms-xrd-global.cern.ch//store/user/ejclemen/HGCal/Stage2Emulator/doublePhoton_PU200/ntuple_778.root:l1tHGCalTriggerNtuplizer/HGCalTriggerNtuple
  XRootD error: [ERROR] Operation expired
in file root://cms-xrd-global.cern.ch//store/user/ejclemen/HGCal/Stage2Emulator/doublePhoton_PU200/ntuple_778.root
Skipping file due to XRootD error: root://cms-xrd-global.cern.ch//store/user/ejclemen/HGCal/Stage2Emulator/doublePhoton_PU200/ntuple_779.root:l1tHGCalTriggerNtuplizer/HGCalTriggerNtuple
  XRootD error: [ERROR] Operation expired
in file root://cms-xrd-global.cern.ch//store/user/ejclemen/HGCal/Stage2Emulator/doublePhoton_PU200/ntuple_779.root
Number of events: 13123
Saved chunk 7 to /data_CMS/cms/amella/HGCAL_samples/parquet_files_0p02//Photon_PU200_new_branch/single_jobs/
Saved chunk 7 to /data_CMS/cms/amella/HGCAL_samples/parquet_files_0p02//Photon_PU200_new_branch/single_jobs/
Saved chunk 7 to /data_CMS/cms/amella/HGCAL_samples/parquet_files_0p02//Photon_PU200_new_branch/single_jobs/
Saved chunk 7 to /data_CMS/cms/amella/HGCAL_samples/parquet_files_0p02//Photon_PU200_new_branch/single_jobs/
Saved chunk 7 to /data_CMS/cms/amella/HGCAL_samples/parquet_files_0p02//Photon_PU200_new_branch/single_jobs/
Saved chunk 7 to /data_CMS/cms/amella/HGCAL_samples/parquet_files_0p02//Photon_PU200_new_branch/single_jobs/
Saved chunk 7 to /data_CMS/cms/amella/HGCAL_samples/parquet_files_0p02//Photon_PU200_new_branch/single_jobs/
Saved chunk 7 to /data_CMS/cms/amella/HGCAL_samples/parquet_files_0p02//Photon_PU200_new_branch/single_jobs/
